Archive member included to satisfy reference by file (symbol)

c:/ac6/systemworkbench/plugins/fr.ac6.mcu.externaltools.arm-none.win32_1.15.0.201708311556/tools/compiler/bin/../lib/gcc/arm-none-eabi/6.3.1/thumb/v6-m\libgcc.a(_udivsi3.o)
                              Drivers/STM32L0xx_HAL_Driver/Src/stm32l0xx_hal.o (__aeabi_uidiv)
c:/ac6/systemworkbench/plugins/fr.ac6.mcu.externaltools.arm-none.win32_1.15.0.201708311556/tools/compiler/bin/../lib/gcc/arm-none-eabi/6.3.1/thumb/v6-m\libgcc.a(_dvmd_tls.o)
                              c:/ac6/systemworkbench/plugins/fr.ac6.mcu.externaltools.arm-none.win32_1.15.0.201708311556/tools/compiler/bin/../lib/gcc/arm-none-eabi/6.3.1/thumb/v6-m\libgcc.a(_udivsi3.o) (__aeabi_idiv0)
c:/ac6/systemworkbench/plugins/fr.ac6.mcu.externaltools.arm-none.win32_1.15.0.201708311556/tools/compiler/bin/../lib/gcc/arm-none-eabi/6.3.1/thumb/v6-m\libgcc.a(_aeabi_uldivmod.o)
                              Drivers/STM32L0xx_HAL_Driver/Src/stm32l0xx_hal_uart.o (__aeabi_uldivmod)
c:/ac6/systemworkbench/plugins/fr.ac6.mcu.externaltools.arm-none.win32_1.15.0.201708311556/tools/compiler/bin/../lib/gcc/arm-none-eabi/6.3.1/thumb/v6-m\libgcc.a(_udivmoddi4.o)
                              c:/ac6/systemworkbench/plugins/fr.ac6.mcu.externaltools.arm-none.win32_1.15.0.201708311556/tools/compiler/bin/../lib/gcc/arm-none-eabi/6.3.1/thumb/v6-m\libgcc.a(_aeabi_uldivmod.o) (__udivmoddi4)
c:/ac6/systemworkbench/plugins/fr.ac6.mcu.externaltools.arm-none.win32_1.15.0.201708311556/tools/compiler/bin/../lib/gcc/arm-none-eabi/6.3.1/thumb/v6-m\libgcc.a(fixsfsi.o)
                              Src/main.o (__aeabi_f2iz)
c:/ac6/systemworkbench/plugins/fr.ac6.mcu.externaltools.arm-none.win32_1.15.0.201708311556/tools/compiler/bin/../lib/gcc/arm-none-eabi/6.3.1/thumb/v6-m\libgcc.a(adddf3.o)
                              Src/HTS221.o (__aeabi_dadd)
c:/ac6/systemworkbench/plugins/fr.ac6.mcu.externaltools.arm-none.win32_1.15.0.201708311556/tools/compiler/bin/../lib/gcc/arm-none-eabi/6.3.1/thumb/v6-m\libgcc.a(divdf3.o)
                              Src/HTS221.o (__aeabi_ddiv)
c:/ac6/systemworkbench/plugins/fr.ac6.mcu.externaltools.arm-none.win32_1.15.0.201708311556/tools/compiler/bin/../lib/gcc/arm-none-eabi/6.3.1/thumb/v6-m\libgcc.a(muldf3.o)
                              Src/HTS221.o (__aeabi_dmul)
c:/ac6/systemworkbench/plugins/fr.ac6.mcu.externaltools.arm-none.win32_1.15.0.201708311556/tools/compiler/bin/../lib/gcc/arm-none-eabi/6.3.1/thumb/v6-m\libgcc.a(subdf3.o)
                              Src/HTS221.o (__aeabi_dsub)
c:/ac6/systemworkbench/plugins/fr.ac6.mcu.externaltools.arm-none.win32_1.15.0.201708311556/tools/compiler/bin/../lib/gcc/arm-none-eabi/6.3.1/thumb/v6-m\libgcc.a(floatsidf.o)
                              Src/HTS221.o (__aeabi_i2d)
c:/ac6/systemworkbench/plugins/fr.ac6.mcu.externaltools.arm-none.win32_1.15.0.201708311556/tools/compiler/bin/../lib/gcc/arm-none-eabi/6.3.1/thumb/v6-m\libgcc.a(truncdfsf2.o)
                              Src/main.o (__aeabi_d2f)
c:/ac6/systemworkbench/plugins/fr.ac6.mcu.externaltools.arm-none.win32_1.15.0.201708311556/tools/compiler/bin/../lib/gcc/arm-none-eabi/6.3.1/thumb/v6-m\libgcc.a(_clzsi2.o)
                              c:/ac6/systemworkbench/plugins/fr.ac6.mcu.externaltools.arm-none.win32_1.15.0.201708311556/tools/compiler/bin/../lib/gcc/arm-none-eabi/6.3.1/thumb/v6-m\libgcc.a(adddf3.o) (__clzsi2)
c:/ac6/systemworkbench/plugins/fr.ac6.mcu.externaltools.arm-none.win32_1.15.0.201708311556/tools/compiler/bin/../lib/gcc/arm-none-eabi/6.3.1/thumb/v6-m\libgcc.a(_clzdi2.o)
                              c:/ac6/systemworkbench/plugins/fr.ac6.mcu.externaltools.arm-none.win32_1.15.0.201708311556/tools/compiler/bin/../lib/gcc/arm-none-eabi/6.3.1/thumb/v6-m\libgcc.a(_udivmoddi4.o) (__clzdi2)
c:/ac6/systemworkbench/plugins/fr.ac6.mcu.externaltools.arm-none.win32_1.15.0.201708311556/tools/compiler/bin/../lib/gcc/arm-none-eabi/6.3.1/../../../../arm-none-eabi/lib/thumb/v6-m\libc_nano.a(lib_a-exit.o)
                              c:/ac6/systemworkbench/plugins/fr.ac6.mcu.externaltools.arm-none.win32_1.15.0.201708311556/tools/compiler/bin/../lib/gcc/arm-none-eabi/6.3.1/../../../../arm-none-eabi/lib/thumb/v6-m/crt0.o (exit)
c:/ac6/systemworkbench/plugins/fr.ac6.mcu.externaltools.arm-none.win32_1.15.0.201708311556/tools/compiler/bin/../lib/gcc/arm-none-eabi/6.3.1/../../../../arm-none-eabi/lib/thumb/v6-m\libc_nano.a(lib_a-impure.o)
                              c:/ac6/systemworkbench/plugins/fr.ac6.mcu.externaltools.arm-none.win32_1.15.0.201708311556/tools/compiler/bin/../lib/gcc/arm-none-eabi/6.3.1/../../../../arm-none-eabi/lib/thumb/v6-m\libc_nano.a(lib_a-exit.o) (_global_impure_ptr)
c:/ac6/systemworkbench/plugins/fr.ac6.mcu.externaltools.arm-none.win32_1.15.0.201708311556/tools/compiler/bin/../lib/gcc/arm-none-eabi/6.3.1/../../../../arm-none-eabi/lib/thumb/v6-m\libc_nano.a(lib_a-init.o)
[...]
Memory Configuration

Name             Origin             Length             Attributes
RAM              0x20000000         0x00002000         xrw
FLASH            0x08000000         0x00010000         xr
*default*        0x00000000         0xffffffff

Linker script and memory map

LOAD c:/ac6/systemworkbench/plugins/fr.ac6.mcu.externaltools.arm-none.win32_1.15.0.201708311556/tools/compiler/bin/../lib/gcc/arm-none-eabi/6.3.1/thumb/v6-m/crti.o
LOAD c:/ac6/systemworkbench/plugins/fr.ac6.mcu.externaltools.arm-none.win32_1.15.0.201708311556/tools/compiler/bin/../lib/gcc/arm-none-eabi/6.3.1/thumb/v6-m/crtbegin.o
LOAD c:/ac6/systemworkbench/plugins/fr.ac6.mcu.externaltools.arm-none.win32_1.15.0.201708311556/tools/compiler/bin/../lib/gcc/arm-none-eabi/6.3.1/../../../../arm-none-eabi/lib/thumb/v6-m/crt0.o
LOAD Drivers/STM32L0xx_HAL_Driver/Src/stm32l0xx_hal.o
LOAD Drivers/STM32L0xx_HAL_Driver/Src/stm32l0xx_hal_cortex.o
LOAD Drivers/STM32L0xx_HAL_Driver/Src/stm32l0xx_hal_dma.o
LOAD Drivers/STM32L0xx_HAL_Driver/Src/stm32l0xx_hal_flash.o
LOAD Drivers/STM32L0xx_HAL_Driver/Src/stm32l0xx_hal_flash_ex.o
LOAD Drivers/STM32L0xx_HAL_Driver/Src/stm32l0xx_hal_flash_ramfunc.o
LOAD Drivers/STM32L0xx_HAL_Driver/Src/stm32l0xx_hal_gpio.o
LOAD Drivers/STM32L0xx_HAL_Driver/Src/stm32l0xx_hal_i2c.o
LOAD Drivers/STM32L0xx_HAL_Driver/Src/stm32l0xx_hal_i2c_ex.o
LOAD Drivers/STM32L0xx_HAL_Driver/Src/stm32l0xx_hal_irda.o
LOAD Drivers/STM32L0xx_HAL_Driver/Src/stm32l0xx_hal_pwr.o
LOAD Drivers/STM32L0xx_HAL_Driver/Src/stm32l0xx_hal_pwr_ex.o
LOAD Drivers/STM32L0xx_HAL_Driver/Src/stm32l0xx_hal_rcc.o
LOAD Drivers/STM32L0xx_HAL_Driver/Src/stm32l0xx_hal_rcc_ex.o
LOAD Drivers/STM32L0xx_HAL_Driver/Src/stm32l0xx_hal_rtc.o
LOAD Drivers/STM32L0xx_HAL_Driver/Src/stm32l0xx_hal_rtc_ex.o
LOAD Drivers/STM32L0xx_HAL_Driver/Src/stm32l0xx_hal_tim.o
LOAD Drivers/STM32L0xx_HAL_Driver/Src/stm32l0xx_hal_tim_ex.o
LOAD Drivers/STM32L0xx_HAL_Driver/Src/stm32l0xx_hal_uart.o
LOAD Drivers/STM32L0xx_HAL_Driver/Src/stm32l0xx_hal_uart_ex.o
LOAD Middlewares/MemoryManager/NVM_Manager.o
LOAD Middlewares/SerialManager/console.o
LOAD Middlewares/Third_Party/FreeRTOS/Source/CMSIS_RTOS/cmsis_os.o
LOAD Middlewares/Third_Party/FreeRTOS/Source/croutine.o
LOAD Middlewares/Third_Party/FreeRTOS/Source/event_groups.o
LOAD Middlewares/Third_Party/FreeRTOS/Source/list.o
LOAD Middlewares/Third_Party/FreeRTOS/Source/queue.o
LOAD Middlewares/Third_Party/FreeRTOS/Source/tasks.o
LOAD Middlewares/Third_Party/FreeRTOS/Source/timers.o
LOAD Middlewares/Third_Party/FreeRTOS/Source/portable/GCC/ARM_CM0/port.o
LOAD Middlewares/Third_Party/FreeRTOS/Source/portable/MemMang/heap_4.o
LOAD Src/Debug_led.o
LOAD Src/HTS221.o
LOAD Src/freertos.o
LOAD Src/main.o
LOAD Src/stm32l0xx_hal_msp.o
LOAD Src/stm32l0xx_it.o
LOAD Src/system_stm32l0xx.o
LOAD startup/startup_stm32l053xx.o
LOAD c:/ac6/systemworkbench/plugins/fr.ac6.mcu.externaltools.arm-none.win32_1.15.0.201708311556/tools/compiler/bin/../lib/gcc/arm-none-eabi/6.3.1/../../../../arm-none-eabi/lib/thumb/v6-m\libm.a
START GROUP
LOAD c:/ac6/systemworkbench/plugins/fr.ac6.mcu.externaltools.arm-none.win32_1.15.0.201708311556/tools/compiler/bin/../lib/gcc/arm-none-eabi/6.3.1/thumb/v6-m\libgcc.a
LOAD c:/ac6/systemworkbench/plugins/fr.ac6.mcu.externaltools.arm-none.win32_1.15.0.201708311556/tools/compiler/bin/../lib/gcc/arm-none-eabi/6.3.1/../../../../arm-none-eabi/lib/thumb/v6-m\libc_nano.a
END GROUP
START GROUP
LOAD c:/ac6/systemworkbench/plugins/fr.ac6.mcu.externaltools.arm-none.win32_1.15.0.201708311556/tools/compiler/bin/../lib/gcc/arm-none-eabi/6.3.1/thumb/v6-m\libgcc.a
LOAD c:/ac6/systemworkbench/plugins/fr.ac6.mcu.externaltools.arm-none.win32_1.15.0.201708311556/tools/compiler/bin/../lib/gcc/arm-none-eabi/6.3.1/../../../../arm-none-eabi/lib/thumb/v6-m\libc_nano.a
LOAD c:/ac6/systemworkbench/plugins/fr.ac6.mcu.externaltools.arm-none.win32_1.15.0.201708311556/tools/compiler/bin/../lib/gcc/arm-none-eabi/6.3.1/../../../../arm-none-eabi/lib/thumb/v6-m\libnosys.a
END GROUP
START GROUP
LOAD c:/ac6/systemworkbench/plugins/fr.ac6.mcu.externaltools.arm-none.win32_1.15.0.201708311556/tools/compiler/bin/../lib/gcc/arm-none-eabi/6.3.1/thumb/v6-m\libgcc.a
LOAD c:/ac6/systemworkbench/plugins/fr.ac6.mcu.externaltools.arm-none.win32_1.15.0.201708311556/tools/compiler/bin/../lib/gcc/arm-none-eabi/6.3.1/../../../../arm-none-eabi/lib/thumb/v6-m\libc_nano.a
LOAD c:/ac6/systemworkbench/plugins/fr.ac6.mcu.externaltools.arm-none.win32_1.15.0.201708311556/tools/compiler/bin/../lib/gcc/arm-none-eabi/6.3.1/../../../../arm-none-eabi/lib/thumb/v6-m\libnosys.a
END GROUP
LOAD c:/ac6/systemworkbench/plugins/fr.ac6.mcu.externaltools.arm-none.win32_1.15.0.201708311556/tools/compiler/bin/../lib/gcc/arm-none-eabi/6.3.1/thumb/v6-m/crtend.o
LOAD c:/ac6/systemworkbench/plugins/fr.ac6.mcu.externaltools.arm-none.win32_1.15.0.201708311556/tools/compiler/bin/../lib/gcc/arm-none-eabi/6.3.1/thumb/v6-m/crtn.o
                0x20002000                _estack = 0x20002000
                0x00000200                _Min_Heap_Size = 0x200
                0x00000400                _Min_Stack_Size = 0x400

.isr_vector     0x08000000       0xc0
                0x08000000                . = ALIGN (0x4)
 *(.isr_vector)
 .isr_vector    0x08000000       0xc0 startup/startup_stm32l053xx.o
                0x08000000                g_pfnVectors
                0x080000c0                . = ALIGN (0x4)

.text           0x080000c0     0x7244
                0x080000c0                . = ALIGN (0x4)
 *(.text)
 .text          0x080000c0       0x60 c:/ac6/systemworkbench/plugins/fr.ac6.mcu.externaltools.arm-none.win32_1.15.0.201708311556/tools/compiler/bin/../lib/gcc/arm-none-eabi/6.3.1/thumb/v6-m/crtbegin.o
 .text          0x08000120      0x114 c:/ac6/systemworkbench/plugins/fr.ac6.mcu.externaltools.arm-none.win32_1.15.0.201708311556/tools/compiler/bin/../lib/gcc/arm-none-eabi/6.3.1/thumb/v6-m\libgcc.a(_udivsi3.o)
                0x08000120                __aeabi_uidiv
                0x08000120                __udivsi3
                0x0800022c                __aeabi_uidivmod
 .text          0x08000234        0x4 c:/ac6/systemworkbench/plugins/fr.ac6.mcu.externaltools.arm-none.win32_1.15.0.201708311556/tools/compiler/bin/../lib/gcc/arm-none-eabi/6.3.1/thumb/v6-m\libgcc.a(_dvmd_tls.o)
                0x08000234                __aeabi_idiv0
                0x08000234                __aeabi_ldiv0
 .text          0x08000238       0x40 c:/ac6/systemworkbench/plugins/fr.ac6.mcu.externaltools.arm-none.win32_1.15.0.201708311556/tools/compiler/bin/../lib/gcc/arm-none-eabi/6.3.1/thumb/v6-m\libgcc.a(_aeabi_uldivmod.o)
                0x08000238                __aeabi_uldivmod
 .text          0x08000278      0x180 c:/ac6/systemworkbench/plugins/fr.ac6.mcu.externaltools.arm-none.win32_1.15.0.201708311556/tools/compiler/bin/../lib/gcc/arm-none-eabi/6.3.1/thumb/v6-m\libgcc.a(_udivmoddi4.o)
                0x08000278                __udivmoddi4
 .text          0x080003f8       0x40 c:/ac6/systemworkbench/plugins/fr.ac6.mcu.externaltools.arm-none.win32_1.15.0.201708311556/tools/compiler/bin/../lib/gcc/arm-none-eabi/6.3.1/thumb/v6-m\libgcc.a(fixsfsi.o)
                0x080003f8                __aeabi_f2iz
 .text          0x08000438      0x620 c:/ac6/systemworkbench/plugins/fr.ac6.mcu.externaltools.arm-none.win32_1.15.0.201708311556/tools/compiler/bin/../lib/gcc/arm-none-eabi/6.3.1/thumb/v6-m\libgcc.a(adddf3.o)
                0x08000438                __aeabi_dadd
 .text          0x08000a58      0x668 c:/ac6/systemworkbench/plugins/fr.ac6.mcu.externaltools.arm-none.win32_1.15.0.201708311556/tools/compiler/bin/../lib/gcc/arm-none-eabi/6.3.1/thumb/v6-m\libgcc.a(divdf3.o)
                0x08000a58                __aeabi_ddiv
 .text          0x080010c0      0x500 c:/ac6/systemworkbench/plugins/fr.ac6.mcu.externaltools.arm-none.win32_1.15.0.201708311556/tools/compiler/bin/../lib/gcc/arm-none-eabi/6.3.1/thumb/v6-m\libgcc.a(muldf3.o)
                0x080010c0                __aeabi_dmul
 .text          0x080015c0      0x62c c:/ac6/systemworkbench/plugins/fr.ac6.mcu.externaltools.arm-none.win32_1.15.0.201708311556/tools/compiler/bin/../lib/gcc/arm-none-eabi/6.3.1/thumb/v6-m\libgcc.a(subdf3.o)
                0x080015c0                __aeabi_dsub
 .text          0x08001bec       0x84 c:/ac6/systemworkbench/plugins/fr.ac6.mcu.externaltools.arm-none.win32_1.15.0.201708311556/tools/compiler/bin/../lib/gcc/arm-none-eabi/6.3.1/thumb/v6-m\libgcc.a(floatsidf.o)
                0x08001bec                __aeabi_i2d
 .text          0x08001c70      0x114 c:/ac6/systemworkbench/plugins/fr.ac6.mcu.externaltools.arm-none.win32_1.15.0.201708311556/tools/compiler/bin/../lib/gcc/arm-none-eabi/6.3.1/thumb/v6-m\libgcc.a(truncdfsf2.o)
                0x08001c70                __aeabi_d2f
 .text          0x08001d84       0x3c c:/ac6/systemworkbench/plugins/fr.ac6.mcu.externaltools.arm-none.win32_1.15.0.201708311556/tools/compiler/bin/../lib/gcc/arm-none-eabi/6.3.1/thumb/v6-m\libgcc.a(_clzsi2.o)
                0x08001d84                __clzsi2
 .text          0x08001dc0       0x18 c:/ac6/systemworkbench/plugins/fr.ac6.mcu.externaltools.arm-none.win32_1.15.0.201708311556/tools/compiler/bin/../lib/gcc/arm-none-eabi/6.3.1/thumb/v6-m\libgcc.a(_clzdi2.o)
                0x08001dc0                __clzdi2
 .text          0x08001dd8       0x14 c:/ac6/systemworkbench/plugins/fr.ac6.mcu.externaltools.arm-none.win32_1.15.0.201708311556/tools/compiler/bin/../lib/gcc/arm-none-eabi/6.3.1/../../../../arm-none-eabi/lib/thumb/v6-m\libc_nano.a(lib_a-strcmp.o)
                0x08001dd8                strcmp
 .text          0x08001dec        0xe c:/ac6/systemworkbench/plugins/fr.ac6.mcu.externaltools.arm-none.win32_1.15.0.201708311556/tools/compiler/bin/../lib/gcc/arm-none-eabi/6.3.1/../../../../arm-none-eabi/lib/thumb/v6-m\libc_nano.a(lib_a-strlen.o)
                0x08001dec                strlen
 *(.text*)
 *fill*         0x08001dfa        0x2 
 .text.HAL_InitTick
                0x08001dfc       0x28 Drivers/STM32L0xx_HAL_Driver/Src/stm32l0xx_hal.o
                0x08001dfc                HAL_InitTick
 .text.HAL_Init
                0x08001e24       0x20 Drivers/STM32L0xx_HAL_Driver/Src/stm32l0xx_hal.o
                0x08001e24                HAL_Init
 .text.HAL_IncTick
                0x08001e44       0x10 Drivers/STM32L0xx_HAL_Driver/Src/stm32l0xx_hal.o
                0x08001e44                HAL_IncTick
 .text.HAL_GetTick
                0x08001e54        0xc Drivers/STM32L0xx_HAL_Driver/Src/stm32l0xx_hal.o
                0x08001e54                HAL_GetTick
 .text.HAL_Delay
                0x08001e60       0x1c Drivers/STM32L0xx_HAL_Driver/Src/stm32l0xx_hal.o
                0x08001e60                HAL_Delay
 .text.HAL_NVIC_SetPriority
                0x08001e7c       0x64 Drivers/STM32L0xx_HAL_Driver/Src/stm32l0xx_hal_cortex.o
                0x08001e7c                HAL_NVIC_SetPriority
 .text.HAL_NVIC_EnableIRQ
                0x08001ee0       0x14 Drivers/STM32L0xx_HAL_Driver/Src/stm32l0xx_hal_cortex.o
                0x08001ee0                HAL_NVIC_EnableIRQ
 .text.HAL_SYSTICK_Config
                0x08001ef4       0x38 Drivers/STM32L0xx_HAL_Driver/Src/stm32l0xx_hal_cortex.o
                0x08001ef4                HAL_SYSTICK_Config
 .text.HAL_SYSTICK_CLKSourceConfig
                0x08001f2c       0x20 Drivers/STM32L0xx_HAL_Driver/Src/stm32l0xx_hal_cortex.o
                0x08001f2c                HAL_SYSTICK_CLKSourceConfig
 .text.HAL_DMA_Abort_IT
                0x08001f4c       0xac Drivers/STM32L0xx_HAL_Driver/Src/stm32l0xx_hal_dma.o
                0x08001f4c                HAL_DMA_Abort_IT
 .text.FLASH_SetErrorCode
                0x08001ff8       0xb4 Drivers/STM32L0xx_HAL_Driver/Src/stm32l0xx_hal_flash.o
 .text.FLASH_WaitForLastOperation
                0x080020ac       0x84 Drivers/STM32L0xx_HAL_Driver/Src/stm32l0xx_hal_flash.o
                0x080020ac                FLASH_WaitForLastOperation
 .text.HAL_FLASHEx_DATAEEPROM_Unlock
                0x08002130       0x28 Drivers/STM32L0xx_HAL_Driver/Src/stm32l0xx_hal_flash_ex.o
                0x08002130                HAL_FLASHEx_DATAEEPROM_Unlock
 .text.HAL_FLASHEx_DATAEEPROM_Lock
                0x08002158       0x14 Drivers/STM32L0xx_HAL_Driver/Src/stm32l0xx_hal_flash_ex.o
                0x08002158                HAL_FLASHEx_DATAEEPROM_Lock
 .text.HAL_FLASHEx_DATAEEPROM_Erase
                0x0800216c       0x28 Drivers/STM32L0xx_HAL_Driver/Src/stm32l0xx_hal_flash_ex.o
                0x0800216c                HAL_FLASHEx_DATAEEPROM_Erase
 .text.HAL_FLASHEx_DATAEEPROM_Program
                0x08002194       0x64 Drivers/STM32L0xx_HAL_Driver/Src/stm32l0xx_hal_flash_ex.o
                0x08002194                HAL_FLASHEx_DATAEEPROM_Program
 .text.HAL_GPIO_Init
                0x080021f8      0x198 Drivers/STM32L0xx_HAL_Driver/Src/stm32l0xx_hal_gpio.o
                0x080021f8                HAL_GPIO_Init
 .text.HAL_GPIO_WritePin
                0x08002390        0xc Drivers/STM32L0xx_HAL_Driver/Src/stm32l0xx_hal_gpio.o
                0x08002390                HAL_GPIO_WritePin
 .text.HAL_GPIO_TogglePin
                0x0800239c        0x8 Drivers/STM32L0xx_HAL_Driver/Src/stm32l0xx_hal_gpio.o
                0x0800239c                HAL_GPIO_TogglePin
 .text.I2C_Flush_TXDR
                0x080023a4       0x1e Drivers/STM32L0xx_HAL_Driver/Src/stm32l0xx_hal_i2c.o
 *fill*         0x080023c2        0x2 
 .text.I2C_TransferConfig
                0x080023c4       0x24 Drivers/STM32L0xx_HAL_Driver/Src/stm32l0xx_hal_i2c.o
 .text.I2C_IsAcknowledgeFailed
                0x080023e8       0x78 Drivers/STM32L0xx_HAL_Driver/Src/stm32l0xx_hal_i2c.o
 .text.I2C_WaitOnTXISFlagUntilTimeout
                0x08002460       0x52 Drivers/STM32L0xx_HAL_Driver/Src/stm32l0xx_hal_i2c.o
 .text.I2C_WaitOnFlagUntilTimeout
                0x080024b2       0x48 Drivers/STM32L0xx_HAL_Driver/Src/stm32l0xx_hal_i2c.o
 .text.I2C_RequestMemoryWrite
                0x080024fa       0x84 Drivers/STM32L0xx_HAL_Driver/Src/stm32l0xx_hal_i2c.o
 .text.I2C_RequestMemoryRead
                0x0800257e       0x82 Drivers/STM32L0xx_HAL_Driver/Src/stm32l0xx_hal_i2c.o
 .text.I2C_WaitOnSTOPFlagUntilTimeout
                0x08002600       0x4e Drivers/STM32L0xx_HAL_Driver/Src/stm32l0xx_hal_i2c.o
 *fill*         0x0800264e        0x2 
 .text.HAL_I2C_Init
                0x08002650       0xcc Drivers/STM32L0xx_HAL_Driver/Src/stm32l0xx_hal_i2c.o
                0x08002650                HAL_I2C_Init
 .text.HAL_I2C_Mem_Write
                0x0800271c      0x1c4 Drivers/STM32L0xx_HAL_Driver/Src/stm32l0xx_hal_i2c.o
                0x0800271c                HAL_I2C_Mem_Write
 .text.HAL_I2C_Mem_Read
                0x080028e0      0x1cc Drivers/STM32L0xx_HAL_Driver/Src/stm32l0xx_hal_i2c.o
                0x080028e0                HAL_I2C_Mem_Read
 .text.HAL_I2CEx_ConfigAnalogFilter
                0x08002aac       0x58 Drivers/STM32L0xx_HAL_Driver/Src/stm32l0xx_hal_i2c_ex.o
                0x08002aac                HAL_I2CEx_ConfigAnalogFilter
 .text.HAL_I2CEx_ConfigDigitalFilter
                0x08002b04       0x54 Drivers/STM32L0xx_HAL_Driver/Src/stm32l0xx_hal_i2c_ex.o
                0x08002b04                HAL_I2CEx_ConfigDigitalFilter
 .text.IRDA_SetConfig
                0x08002b58      0x18c Drivers/STM32L0xx_HAL_Driver/Src/stm32l0xx_hal_irda.o
 .text.IRDA_WaitOnFlagUntilTimeout
                0x08002ce4       0x6c Drivers/STM32L0xx_HAL_Driver/Src/stm32l0xx_hal_irda.o
 .text.IRDA_CheckIdleState
                0x08002d50       0x6e Drivers/STM32L0xx_HAL_Driver/Src/stm32l0xx_hal_irda.o
 *fill*         0x08002dbe        0x2 
 .text.HAL_IRDA_Init
                0x08002dc0       0x6c Drivers/STM32L0xx_HAL_Driver/Src/stm32l0xx_hal_irda.o
                0x08002dc0                HAL_IRDA_Init
 .text.RCC_SetFlashLatencyFromMSIRange
                0x08002e2c       0x80 Drivers/STM32L0xx_HAL_Driver/Src/stm32l0xx_hal_rcc.o
 .text.HAL_RCC_OscConfig
                0x08002eac      0x574 Drivers/STM32L0xx_HAL_Driver/Src/stm32l0xx_hal_rcc.o
                0x08002eac                HAL_RCC_OscConfig
 .text.HAL_RCC_GetSysClockFreq
                0x08003420       0x94 Drivers/STM32L0xx_HAL_Driver/Src/stm32l0xx_hal_rcc.o
                0x08003420                HAL_RCC_GetSysClockFreq
 .text.HAL_RCC_ClockConfig
                0x080034b4      0x1a0 Drivers/STM32L0xx_HAL_Driver/Src/stm32l0xx_hal_rcc.o
                0x080034b4                HAL_RCC_ClockConfig
 .text.HAL_RCC_GetHCLKFreq
                0x08003654        0xc Drivers/STM32L0xx_HAL_Driver/Src/stm32l0xx_hal_rcc.o
                0x08003654                HAL_RCC_GetHCLKFreq
 .text.HAL_RCC_GetPCLK1Freq
                0x08003660       0x20 Drivers/STM32L0xx_HAL_Driver/Src/stm32l0xx_hal_rcc.o
                0x08003660                HAL_RCC_GetPCLK1Freq
 .text.HAL_RCC_GetPCLK2Freq
                0x08003680       0x20 Drivers/STM32L0xx_HAL_Driver/Src/stm32l0xx_hal_rcc.o
                0x08003680                HAL_RCC_GetPCLK2Freq
 .text.HAL_RCCEx_PeriphCLKConfig
                0x080036a0      0x1fc Drivers/STM32L0xx_HAL_Driver/Src/stm32l0xx_hal_rcc_ex.o
                0x080036a0                HAL_RCCEx_PeriphCLKConfig
 .text.HAL_RCCEx_GetPeriphCLKFreq
                0x0800389c      0x268 Drivers/STM32L0xx_HAL_Driver/Src/stm32l0xx_hal_rcc_ex.o
                0x0800389c                HAL_RCCEx_GetPeriphCLKFreq
 .text.HAL_RTC_WaitForSynchro
                0x08003b04       0x32 Drivers/STM32L0xx_HAL_Driver/Src/stm32l0xx_hal_rtc.o
                0x08003b04                HAL_RTC_WaitForSynchro
 .text.RTC_EnterInitMode
                0x08003b36       0x3a Drivers/STM32L0xx_HAL_Driver/Src/stm32l0xx_hal_rtc.o
                0x08003b36                RTC_EnterInitMode
 .text.HAL_RTC_Init
                0x08003b70       0xac Drivers/STM32L0xx_HAL_Driver/Src/stm32l0xx_hal_rtc.o
                0x08003b70                HAL_RTC_Init
 .text.RTC_ByteToBcd2
                0x08003c1c       0x16 Drivers/STM32L0xx_HAL_Driver/Src/stm32l0xx_hal_rtc.o
                0x08003c1c                RTC_ByteToBcd2
 *fill*         0x08003c32        0x2 
 .text.HAL_RTC_SetTime
                0x08003c34      0x10c Drivers/STM32L0xx_HAL_Driver/Src/stm32l0xx_hal_rtc.o
                0x08003c34                HAL_RTC_SetTime
 .text.HAL_RTC_SetDate
                0x08003d40       0xec Drivers/STM32L0xx_HAL_Driver/Src/stm32l0xx_hal_rtc.o
                0x08003d40                HAL_RTC_SetDate
 .text.RTC_Bcd2ToByte
                0x08003e2c       0x12 Drivers/STM32L0xx_HAL_Driver/Src/stm32l0xx_hal_rtc.o
                0x08003e2c                RTC_Bcd2ToByte
 *fill*         0x08003e3e        0x2 
 .text.HAL_RTC_GetTime
                0x08003e40       0x58 Drivers/STM32L0xx_HAL_Driver/Src/stm32l0xx_hal_rtc.o
                0x08003e40                HAL_RTC_GetTime
 .text.HAL_RTC_GetDate
                0x08003e98       0x48 Drivers/STM32L0xx_HAL_Driver/Src/stm32l0xx_hal_rtc.o
                0x08003e98                HAL_RTC_GetDate
 .text.HAL_RTCEx_SetWakeUpTimer_IT
                0x08003ee0      0x110 Drivers/STM32L0xx_HAL_Driver/Src/stm32l0xx_hal_rtc_ex.o
                0x08003ee0                HAL_RTCEx_SetWakeUpTimer_IT
 .text.HAL_RTCEx_WakeUpTimerEventCallback
                0x08003ff0        0x2 Drivers/STM32L0xx_HAL_Driver/Src/stm32l0xx_hal_rtc_ex.o
                0x08003ff0                HAL_RTCEx_WakeUpTimerEventCallback
 *fill*         0x08003ff2        0x2 
 .text.HAL_RTCEx_WakeUpTimerIRQHandler
                0x08003ff4       0x38 Drivers/STM32L0xx_HAL_Driver/Src/stm32l0xx_hal_rtc_ex.o
                0x08003ff4                HAL_RTCEx_WakeUpTimerIRQHandler
 .text.HAL_RTCEx_BKUPWrite
                0x0800402c        0xc Drivers/STM32L0xx_HAL_Driver/Src/stm32l0xx_hal_rtc_ex.o
                0x0800402c                HAL_RTCEx_BKUPWrite
 .text.HAL_RTCEx_BKUPRead
                0x08004038        0xc Drivers/STM32L0xx_HAL_Driver/Src/stm32l0xx_hal_rtc_ex.o
                0x08004038                HAL_RTCEx_BKUPRead
 .text.UART_EndRxTransfer
                0x08004044       0x24 Drivers/STM32L0xx_HAL_Driver/Src/stm32l0xx_hal_uart.o
 .text.UART_Transmit_IT
                0x08004068       0x6c Drivers/STM32L0xx_HAL_Driver/Src/stm32l0xx_hal_uart.o
 .text.HAL_UART_Receive_IT
                0x080040d4       0xd4 Drivers/STM32L0xx_HAL_Driver/Src/stm32l0xx_hal_uart.o
                0x080040d4                HAL_UART_Receive_IT
 .text.HAL_UART_TxCpltCallback
                0x080041a8        0x2 Drivers/STM32L0xx_HAL_Driver/Src/stm32l0xx_hal_uart.o
                0x080041a8                HAL_UART_TxCpltCallback
 .text.UART_EndTransmit_IT
                0x080041aa       0x1a Drivers/STM32L0xx_HAL_Driver/Src/stm32l0xx_hal_uart.o
 .text.HAL_UART_RxCpltCallback
                0x080041c4        0x2 Drivers/STM32L0xx_HAL_Driver/Src/stm32l0xx_hal_uart.o
                0x080041c4                HAL_UART_RxCpltCallback
 *fill*         0x080041c6        0x2 
 .text.UART_Receive_IT
                0x080041c8       0x88 Drivers/STM32L0xx_HAL_Driver/Src/stm32l0xx_hal_uart.o
 .text.HAL_UART_ErrorCallback
                0x08004250        0x2 Drivers/STM32L0xx_HAL_Driver/Src/stm32l0xx_hal_uart.o
                0x08004250                HAL_UART_ErrorCallback
 *fill*         0x08004252        0x2 
 .text.HAL_UART_IRQHandler
                0x08004254      0x144 Drivers/STM32L0xx_HAL_Driver/Src/stm32l0xx_hal_uart.o
                0x08004254                HAL_UART_IRQHandler
 .text.UART_DMAAbortOnError
                0x08004398       0x14 Drivers/STM32L0xx_HAL_Driver/Src/stm32l0xx_hal_uart.o
 .text.UART_SetConfig
                0x080043ac      0x334 Drivers/STM32L0xx_HAL_Driver/Src/stm32l0xx_hal_uart.o
                0x080043ac                UART_SetConfig
 .text.UART_AdvFeatureConfig
                0x080046e0       0xe0 Drivers/STM32L0xx_HAL_Driver/Src/stm32l0xx_hal_uart.o
                0x080046e0                UART_AdvFeatureConfig
 .text.UART_WaitOnFlagUntilTimeout
                0x080047c0       0x6c Drivers/STM32L0xx_HAL_Driver/Src/stm32l0xx_hal_uart.o
                0x080047c0                UART_WaitOnFlagUntilTimeout
 .text.HAL_UART_Transmit
                0x0800482c       0xe2 Drivers/STM32L0xx_HAL_Driver/Src/stm32l0xx_hal_uart.o
                0x0800482c                HAL_UART_Transmit
 *fill*         0x0800490e        0x2 
 .text.UART_CheckIdleState
                0x08004910       0x70 Drivers/STM32L0xx_HAL_Driver/Src/stm32l0xx_hal_uart.o
                0x08004910                UART_CheckIdleState
 .text.HAL_UART_Init
                0x08004980       0x70 Drivers/STM32L0xx_HAL_Driver/Src/stm32l0xx_hal_uart.o
                0x08004980                HAL_UART_Init
 .text.HAL_UARTEx_WakeupCallback
                0x080049f0        0x2 Drivers/STM32L0xx_HAL_Driver/Src/stm32l0xx_hal_uart_ex.o
                0x080049f0                HAL_UARTEx_WakeupCallback
 *fill*         0x080049f2        0x2 
 .text.EEPROM_Clean
                0x080049f4       0x28 Middlewares/MemoryManager/NVM_Manager.o
 .text.task_EepromManager
                0x08004a1c       0x78 Middlewares/MemoryManager/NVM_Manager.o
                0x08004a1c                task_EepromManager
 .text.EEPROM_Initialize
                0x08004a94       0x58 Middlewares/MemoryManager/NVM_Manager.o
                0x08004a94                EEPROM_Initialize
 .text._swReply
                0x08004aec       0x44 Middlewares/SerialManager/console.o
                0x08004aec                _swReply
 .text._cbTaskConsole
                0x08004b30      0x10c Middlewares/SerialManager/console.o
                0x08004b30                _cbTaskConsole
 .text.Console_link
                0x08004c3c       0x7c Middlewares/SerialManager/console.o
                0x08004c3c                Console_link
 .text.Console_NVIC
                0x08004cb8       0x90 Middlewares/SerialManager/console.o
                0x08004cb8                Console_NVIC
 .text.makeFreeRtosPriority
                0x08004d48        0xc Middlewares/Third_Party/FreeRTOS/Source/CMSIS_RTOS/cmsis_os.o
 .text.inHandlerMode
                0x08004d54        0xa Middlewares/Third_Party/FreeRTOS/Source/CMSIS_RTOS/cmsis_os.o
 .text.osKernelStart
                0x08004d5e        0xa Middlewares/Third_Party/FreeRTOS/Source/CMSIS_RTOS/cmsis_os.o
                0x08004d5e                osKernelStart
 .text.osKernelSysTick
                0x08004d68       0x16 Middlewares/Third_Party/FreeRTOS/Source/CMSIS_RTOS/cmsis_os.o
                0x08004d68                osKernelSysTick
 .text.osThreadCreate
                0x08004d7e       0x34 Middlewares/Third_Party/FreeRTOS/Source/CMSIS_RTOS/cmsis_os.o
                0x08004d7e                osThreadCreate
 .text.osMutexCreate
                0x08004db2        0xa Middlewares/Third_Party/FreeRTOS/Source/CMSIS_RTOS/cmsis_os.o
                0x08004db2                osMutexCreate
 .text.osMutexWait
                0x08004dbc       0x6c Middlewares/Third_Party/FreeRTOS/Source/CMSIS_RTOS/cmsis_os.o
                0x08004dbc                osMutexWait
 .text.osMutexRelease
                0x08004e28       0x58 Middlewares/Third_Party/FreeRTOS/Source/CMSIS_RTOS/cmsis_os.o
                0x08004e28                osMutexRelease
 .text.osSemaphoreCreate
                0x08004e80       0x26 Middlewares/Third_Party/FreeRTOS/Source/CMSIS_RTOS/cmsis_os.o
                0x08004e80                osSemaphoreCreate
 *fill*         0x08004ea6        0x2 
 .text.osSemaphoreWait
                0x08004ea8       0x6c Middlewares/Third_Party/FreeRTOS/Source/CMSIS_RTOS/cmsis_os.o
                0x08004ea8                osSemaphoreWait
 .text.osSystickHandler
                0x08004f14       0x10 Middlewares/Third_Party/FreeRTOS/Source/CMSIS_RTOS/cmsis_os.o
                0x08004f14                osSystickHandler
 .text.osDelayUntil
                0x08004f24       0x10 Middlewares/Third_Party/FreeRTOS/Source/CMSIS_RTOS/cmsis_os.o
                0x08004f24                osDelayUntil
 .text.vListInitialise
                0x08004f34       0x16 Middlewares/Third_Party/FreeRTOS/Source/list.o
                0x08004f34                vListInitialise
 .text.vListInitialiseItem
                0x08004f4a        0x6 Middlewares/Third_Party/FreeRTOS/Source/list.o
                0x08004f4a                vListInitialiseItem
 .text.vListInsertEnd
                0x08004f50       0x18 Middlewares/Third_Party/FreeRTOS/Source/list.o
                0x08004f50                vListInsertEnd
 .text.vListInsert
                0x08004f68       0x30 Middlewares/Third_Party/FreeRTOS/Source/list.o
                0x08004f68                vListInsert
 .text.uxListRemove
                0x08004f98       0x26 Middlewares/Third_Party/FreeRTOS/Source/list.o
                0x08004f98                uxListRemove
 .text.prvIsQueueFull
                0x08004fbe       0x1e Middlewares/Third_Party/FreeRTOS/Source/queue.o
 .text.prvIsQueueEmpty
                0x08004fdc       0x1c Middlewares/Third_Party/FreeRTOS/Source/queue.o
 .text.prvCopyDataToQueue
                0x08004ff8       0x82 Middlewares/Third_Party/FreeRTOS/Source/queue.o
 .text.prvNotifyQueueSetContainer
                0x0800507a       0x60 Middlewares/Third_Party/FreeRTOS/Source/queue.o
 .text.prvCopyDataFromQueue
                0x080050da       0x24 Middlewares/Third_Party/FreeRTOS/Source/queue.o
 .text.prvUnlockQueue
                0x080050fe       0x8a Middlewares/Third_Party/FreeRTOS/Source/queue.o
 .text.xQueueGenericReset
                0x08005188       0x6e Middlewares/Third_Party/FreeRTOS/Source/queue.o
                0x08005188                xQueueGenericReset
 .text.prvInitialiseNewQueue
                0x080051f6       0x26 Middlewares/Third_Party/FreeRTOS/Source/queue.o
 .text.xQueueGenericCreate
                0x0800521c       0x3e Middlewares/Third_Party/FreeRTOS/Source/queue.o
                0x0800521c                xQueueGenericCreate
 .text.xQueueGenericSend
                0x0800525a      0x158 Middlewares/Third_Party/FreeRTOS/Source/queue.o
                0x0800525a                xQueueGenericSend
 .text.prvInitialiseMutex
                0x080053b2       0x18 Middlewares/Third_Party/FreeRTOS/Source/queue.o
 .text.xQueueCreateMutex
                0x080053ca       0x16 Middlewares/Third_Party/FreeRTOS/Source/queue.o
                0x080053ca                xQueueCreateMutex
 .text.xQueueGenericSendFromISR
                0x080053e0       0xd8 Middlewares/Third_Party/FreeRTOS/Source/queue.o
                0x080053e0                xQueueGenericSendFromISR
 .text.xQueueGiveFromISR
                0x080054b8       0xba Middlewares/Third_Party/FreeRTOS/Source/queue.o
                0x080054b8                xQueueGiveFromISR
 .text.xQueueGenericReceive
                0x08005572      0x17e Middlewares/Third_Party/FreeRTOS/Source/queue.o
                0x08005572                xQueueGenericReceive
 .text.xQueueReceiveFromISR
                0x080056f0       0x96 Middlewares/Third_Party/FreeRTOS/Source/queue.o
                0x080056f0                xQueueReceiveFromISR
 *fill*         0x08005786        0x2 
 .text.prvResetNextTaskUnblockTime
                0x08005788       0x30 Middlewares/Third_Party/FreeRTOS/Source/tasks.o
 .text.prvDeleteTCB
                0x080057b8       0x12 Middlewares/Third_Party/FreeRTOS/Source/tasks.o
 *fill*         0x080057ca        0x2 
 .text.prvInitialiseNewTask
                0x080057cc       0x9c Middlewares/Third_Party/FreeRTOS/Source/tasks.o
 .text.prvInitialiseTaskLists
                0x08005868       0x58 Middlewares/Third_Party/FreeRTOS/Source/tasks.o
 .text.prvAddNewTaskToReadyList
                0x080058c0       0x94 Middlewares/Third_Party/FreeRTOS/Source/tasks.o
 .text.prvAddCurrentTaskToDelayedList
                0x08005954       0x6c Middlewares/Third_Party/FreeRTOS/Source/tasks.o
 .text.xTaskCreate
                0x080059c0       0x5e Middlewares/Third_Party/FreeRTOS/Source/tasks.o
                0x080059c0                xTaskCreate
 *fill*         0x08005a1e        0x2 
 .text.uxTaskPriorityGet
                0x08005a20       0x20 Middlewares/Third_Party/FreeRTOS/Source/tasks.o
                0x08005a20                uxTaskPriorityGet
 .text.vTaskStartScheduler
                0x08005a40       0x54 Middlewares/Third_Party/FreeRTOS/Source/tasks.o
                0x08005a40                vTaskStartScheduler
 .text.vTaskSuspendAll
                0x08005a94       0x10 Middlewares/Third_Party/FreeRTOS/Source/tasks.o
                0x08005a94                vTaskSuspendAll
 .text.xTaskGetTickCount
                0x08005aa4        0xc Middlewares/Third_Party/FreeRTOS/Source/tasks.o
                0x08005aa4                xTaskGetTickCount
 .text.xTaskGetTickCountFromISR
                0x08005ab0        0xc Middlewares/Third_Party/FreeRTOS/Source/tasks.o
                0x08005ab0                xTaskGetTickCountFromISR
 .text.xTaskIncrementTick
                0x08005abc      0x100 Middlewares/Third_Party/FreeRTOS/Source/tasks.o
                0x08005abc                xTaskIncrementTick
 .text.xTaskResumeAll
                0x08005bbc       0xd8 Middlewares/Third_Party/FreeRTOS/Source/tasks.o
                0x08005bbc                xTaskResumeAll
 .text.vTaskDelayUntil
                0x08005c94       0x78 Middlewares/Third_Party/FreeRTOS/Source/tasks.o
                0x08005c94                vTaskDelayUntil
 .text.prvCheckTasksWaitingTermination
                0x08005d0c       0x50 Middlewares/Third_Party/FreeRTOS/Source/tasks.o
 .text.prvIdleTask
                0x08005d5c       0x18 Middlewares/Third_Party/FreeRTOS/Source/tasks.o
 .text.vTaskSwitchContext
                0x08005d74       0x80 Middlewares/Third_Party/FreeRTOS/Source/tasks.o
                0x08005d74                vTaskSwitchContext
 .text.vTaskPlaceOnEventList
                0x08005df4       0x24 Middlewares/Third_Party/FreeRTOS/Source/tasks.o
                0x08005df4                vTaskPlaceOnEventList
 .text.xTaskRemoveFromEventList
                0x08005e18       0x78 Middlewares/Third_Party/FreeRTOS/Source/tasks.o
                0x08005e18                xTaskRemoveFromEventList
 .text.vTaskSetTimeOutState
                0x08005e90       0x18 Middlewares/Third_Party/FreeRTOS/Source/tasks.o
                0x08005e90                vTaskSetTimeOutState
 .text.xTaskCheckForTimeOut
                0x08005ea8       0x64 Middlewares/Third_Party/FreeRTOS/Source/tasks.o
                0x08005ea8                xTaskCheckForTimeOut
 .text.vTaskMissedYield
                0x08005f0c        0xc Middlewares/Third_Party/FreeRTOS/Source/tasks.o
                0x08005f0c                vTaskMissedYield
 .text.xTaskGetSchedulerState
                0x08005f18       0x20 Middlewares/Third_Party/FreeRTOS/Source/tasks.o
                0x08005f18                xTaskGetSchedulerState
 .text.vTaskPriorityInherit
                0x08005f38       0x80 Middlewares/Third_Party/FreeRTOS/Source/tasks.o
                0x08005f38                vTaskPriorityInherit
 .text.xTaskPriorityDisinherit
                0x08005fb8       0x74 Middlewares/Third_Party/FreeRTOS/Source/tasks.o
                0x08005fb8                xTaskPriorityDisinherit
 .text.pvTaskIncrementMutexHeldCount
                0x0800602c       0x1c Middlewares/Third_Party/FreeRTOS/Source/tasks.o
                0x0800602c                pvTaskIncrementMutexHeldCount
 .text.prvTaskExitError
                0x08006048       0x14 Middlewares/Third_Party/FreeRTOS/Source/portable/GCC/ARM_CM0/port.o
 *fill*         0x0800605c        0x4 
 .text.vPortStartFirstTask
                0x08006060       0x34 Middlewares/Third_Party/FreeRTOS/Source/portable/GCC/ARM_CM0/port.o
 .text.pxPortInitialiseStack
                0x08006094       0x20 Middlewares/Third_Party/FreeRTOS/Source/portable/GCC/ARM_CM0/port.o
                0x08006094                pxPortInitialiseStack
 .text.SVC_Handler
                0x080060b4        0x2 Middlewares/Third_Party/FreeRTOS/Source/portable/GCC/ARM_CM0/port.o
                0x080060b4                SVC_Handler
 *fill*         0x080060b6        0x2 
 .text.vPortYield
                0x080060b8       0x18 Middlewares/Third_Party/FreeRTOS/Source/portable/GCC/ARM_CM0/port.o
                0x080060b8                vPortYield
 .text.vPortEnterCritical
                0x080060d0       0x18 Middlewares/Third_Party/FreeRTOS/Source/portable/GCC/ARM_CM0/port.o
                0x080060d0                vPortEnterCritical
 .text.vPortExitCritical
                0x080060e8       0x20 Middlewares/Third_Party/FreeRTOS/Source/portable/GCC/ARM_CM0/port.o
                0x080060e8                vPortExitCritical
 .text.ulSetInterruptMaskFromISR
                0x08006108        0xa Middlewares/Third_Party/FreeRTOS/Source/portable/GCC/ARM_CM0/port.o
                0x08006108                ulSetInterruptMaskFromISR
 .text.vClearInterruptMaskFromISR
                0x08006112        0x6 Middlewares/Third_Party/FreeRTOS/Source/portable/GCC/ARM_CM0/port.o
                0x08006112                vClearInterruptMaskFromISR
 *fill*         0x08006118        0x8 
 .text.PendSV_Handler
                0x08006120       0x44 Middlewares/Third_Party/FreeRTOS/Source/portable/GCC/ARM_CM0/port.o
                0x08006120                PendSV_Handler
 .text.xPortSysTickHandler
                0x08006164       0x24 Middlewares/Third_Party/FreeRTOS/Source/portable/GCC/ARM_CM0/port.o
                0x08006164                xPortSysTickHandler
 .text.vPortSetupTimerInterrupt
                0x08006188       0x28 Middlewares/Third_Party/FreeRTOS/Source/portable/GCC/ARM_CM0/port.o
                0x08006188                vPortSetupTimerInterrupt
 .text.xPortStartScheduler
                0x080061b0       0x34 Middlewares/Third_Party/FreeRTOS/Source/portable/GCC/ARM_CM0/port.o
                0x080061b0                xPortStartScheduler
 .text.prvHeapInit
                0x080061e4       0x50 Middlewares/Third_Party/FreeRTOS/Source/portable/MemMang/heap_4.o
 .text.prvInsertBlockIntoFreeList
                0x08006234       0x50 Middlewares/Third_Party/FreeRTOS/Source/portable/MemMang/heap_4.o
 .text.pvPortMalloc
                0x08006284       0xc8 Middlewares/Third_Party/FreeRTOS/Source/portable/MemMang/heap_4.o
                0x08006284                pvPortMalloc
 .text.vPortFree
                0x0800634c       0x50 Middlewares/Third_Party/FreeRTOS/Source/portable/MemMang/heap_4.o
                0x0800634c                vPortFree
 .text.LED_HeartBeat
                0x0800639c       0x58 Src/Debug_led.o
                0x0800639c                LED_HeartBeat
 .text.HeartBeat_LED_Init
                0x080063f4       0x3c Src/Debug_led.o
                0x080063f4                HeartBeat_LED_Init
 .text.HTS221_I2C_Read
                0x08006430       0x24 Src/HTS221.o
 .text.HTS221_I2C_Read_return
                0x08006454       0x1a Src/HTS221.o
 .text.HTS221_CheckAvailable
                0x0800646e       0x14 Src/HTS221.o
 *fill*         0x08006482        0x2 
 .text.HTS221_GetCoefficient
                0x08006484       0xb0 Src/HTS221.o
 .text.HTS221_EnableDevice
                0x08006534       0x2c Src/HTS221.o
 .text.HTS221_I2C_Write
                0x08006560       0x24 Src/HTS221.o
 .text.HTS221_ConfigDevice
                0x08006584       0x36 Src/HTS221.o
                0x08006584                HTS221_ConfigDevice
 *fill*         0x080065ba        0x2 
 .text.HTS221_Init
                0x080065bc       0x2c Src/HTS221.o
                0x080065bc                HTS221_Init
 .text.HTS221_GetHumidity
                0x080065e8       0x9c Src/HTS221.o
                0x080065e8                HTS221_GetHumidity
 .text.HTS221_GetTemperature
                0x08006684       0x9c Src/HTS221.o
                0x08006684                HTS221_GetTemperature
 .text.MX_GPIO_Init
                0x08006720       0x8c Src/main.o
 .text.func_NVM_Manager
                0x080067ac       0xdc Src/main.o
                0x080067ac                func_NVM_Manager
 .text.func_UartPrint
                0x08006888      0x1cc Src/main.o
                0x08006888                func_UartPrint
 .text.func_SensorRead
                0x08006a54       0x84 Src/main.o
                0x08006a54                func_SensorRead
 .text.Error_Handler
                0x08006ad8        0xa Src/main.o
                0x08006ad8                Error_Handler
 *fill*         0x08006ae2        0x2 
 .text.MX_RTC_Init
                0x08006ae4       0x90 Src/main.o
 .text.MX_USART2_UART_Init
                0x08006b74       0x38 Src/main.o
 .text.MX_USART1_IRDA_Init
                0x08006bac       0x38 Src/main.o
 .text.MX_I2C1_Init
                0x08006be4       0x58 Src/main.o
 .text.SystemClock_Config
                0x08006c3c       0xa4 Src/main.o
                0x08006c3c                SystemClock_Config
 .text.main     0x08006ce0       0xf4 Src/main.o
                0x08006ce0                main
 .text.HAL_MspInit
                0x08006dd4       0x40 Src/stm32l0xx_hal_msp.o
                0x08006dd4                HAL_MspInit
 .text.HAL_I2C_MspInit
                0x08006e14       0x48 Src/stm32l0xx_hal_msp.o
                0x08006e14                HAL_I2C_MspInit
 .text.HAL_RTC_MspInit
                0x08006e5c       0x20 Src/stm32l0xx_hal_msp.o
                0x08006e5c                HAL_RTC_MspInit
 .text.HAL_IRDA_MspInit
                0x08006e7c       0x48 Src/stm32l0xx_hal_msp.o
                0x08006e7c                HAL_IRDA_MspInit
 .text.HAL_UART_MspInit
                0x08006ec4       0x44 Src/stm32l0xx_hal_msp.o
                0x08006ec4                HAL_UART_MspInit
 .text.SysTick_Handler
                0x08006f08        0xc Src/stm32l0xx_it.o
                0x08006f08                SysTick_Handler
 .text.RTC_IRQHandler
                0x08006f14       0x10 Src/stm32l0xx_it.o
                0x08006f14                RTC_IRQHandler
 .text.USART2_IRQHandler
                0x08006f24       0x18 Src/stm32l0xx_it.o
                0x08006f24                USART2_IRQHandler
 .text.SystemInit
                0x08006f3c       0x5c Src/system_stm32l0xx.o
                0x08006f3c                SystemInit
 .text.Reset_Handler
                0x08006f98       0x50 startup/startup_stm32l053xx.o
                0x08006f98                Reset_Handler
 .text.Default_Handler
                0x08006fe8        0x2 startup/startup_stm32l053xx.o
                0x08006fe8                TSC_IRQHandler
                0x08006fe8                HardFault_Handler
                0x08006fe8                ADC1_COMP_IRQHandler
                0x08006fe8                PVD_IRQHandler
                0x08006fe8                NMI_Handler
                0x08006fe8                I2C1_IRQHandler
                0x08006fe8                RCC_CRS_IRQHandler
                0x08006fe8                SPI1_IRQHandler
                0x08006fe8                TIM6_DAC_IRQHandler
                0x08006fe8                EXTI2_3_IRQHandler
                0x08006fe8                I2C2_IRQHandler
                0x08006fe8                LCD_IRQHandler
                0x08006fe8                DMA1_Channel4_5_6_7_IRQHandler
                0x08006fe8                EXTI4_15_IRQHandler
                0x08006fe8                DMA1_Channel1_IRQHandler
                0x08006fe8                Default_Handler
                0x08006fe8                TIM22_IRQHandler
                0x08006fe8                EXTI0_1_IRQHandler
                0x08006fe8                USB_IRQHandler
                0x08006fe8                SPI2_IRQHandler
                0x08006fe8                TIM21_IRQHandler
                0x08006fe8                WWDG_IRQHandler
                0x08006fe8                TIM2_IRQHandler
                0x08006fe8                DMA1_Channel2_3_IRQHandler
                0x08006fe8                FLASH_IRQHandler
                0x08006fe8                USART1_IRQHandler
                0x08006fe8                RNG_LPUART1_IRQHandler
                0x08006fe8                LPTIM1_IRQHandler
 *fill*         0x08006fea        0x2 
 .text.__libc_init_array
                0x08006fec       0x48 c:/ac6/systemworkbench/plugins/fr.ac6.mcu.externaltools.arm-none.win32_1.15.0.201708311556/tools/compiler/bin/../lib/gcc/arm-none-eabi/6.3.1/../../../../arm-none-eabi/lib/thumb/v6-m\libc_nano.a(lib_a-init.o)
                0x08006fec                __libc_init_array
 .text.__itoa   0x08007034       0x30 c:/ac6/systemworkbench/plugins/fr.ac6.mcu.externaltools.arm-none.win32_1.15.0.201708311556/tools/compiler/bin/../lib/gcc/arm-none-eabi/6.3.1/../../../../arm-none-eabi/lib/thumb/v6-m\libc_nano.a(lib_a-itoa.o)
                0x08007034                __itoa
 .text.itoa     0x08007064        0x8 c:/ac6/systemworkbench/plugins/fr.ac6.mcu.externaltools.arm-none.win32_1.15.0.201708311556/tools/compiler/bin/../lib/gcc/arm-none-eabi/6.3.1/../../../../arm-none-eabi/lib/thumb/v6-m\libc_nano.a(lib_a-itoa.o)
                0x08007064                itoa
 .text.malloc   0x0800706c       0x14 c:/ac6/systemworkbench/plugins/fr.ac6.mcu.externaltools.arm-none.win32_1.15.0.201708311556/tools/compiler/bin/../lib/gcc/arm-none-eabi/6.3.1/../../../../arm-none-eabi/lib/thumb/v6-m\libc_nano.a(lib_a-malloc.o)
                0x0800706c                malloc
 .text.free     0x08007080       0x14 c:/ac6/systemworkbench/plugins/fr.ac6.mcu.externaltools.arm-none.win32_1.15.0.201708311556/tools/compiler/bin/../lib/gcc/arm-none-eabi/6.3.1/../../../../arm-none-eabi/lib/thumb/v6-m\libc_nano.a(lib_a-malloc.o)
                0x08007080                free
 .text.memcpy   0x08007094       0x12 c:/ac6/systemworkbench/plugins/fr.ac6.mcu.externaltools.arm-none.win32_1.15.0.201708311556/tools/compiler/bin/../lib/gcc/arm-none-eabi/6.3.1/../../../../arm-none-eabi/lib/thumb/v6-m\libc_nano.a(lib_a-memcpy-stub.o)
                0x08007094                memcpy
 .text.memset   0x080070a6       0x10 c:/ac6/systemworkbench/plugins/fr.ac6.mcu.externaltools.arm-none.win32_1.15.0.201708311556/tools/compiler/bin/../lib/gcc/arm-none-eabi/6.3.1/../../../../arm-none-eabi/lib/thumb/v6-m\libc_nano.a(lib_a-memset.o)
                0x080070a6                memset
 *fill*         0x080070b6        0x2 
 .text._free_r  0x080070b8       0x94 c:/ac6/systemworkbench/plugins/fr.ac6.mcu.externaltools.arm-none.win32_1.15.0.201708311556/tools/compiler/bin/../lib/gcc/arm-none-eabi/6.3.1/../../../../arm-none-eabi/lib/thumb/v6-m\libc_nano.a(lib_a-nano-freer.o)
                0x080070b8                _free_r
 .text._malloc_r
                0x0800714c       0xbc c:/ac6/systemworkbench/plugins/fr.ac6.mcu.externaltools.arm-none.win32_1.15.0.201708311556/tools/compiler/bin/../lib/gcc/arm-none-eabi/6.3.1/../../../../arm-none-eabi/lib/thumb/v6-m\libc_nano.a(lib_a-nano-mallocr.o)
                0x0800714c                _malloc_r
 .text._sbrk_r  0x08007208       0x24 c:/ac6/systemworkbench/plugins/fr.ac6.mcu.externaltools.arm-none.win32_1.15.0.201708311556/tools/compiler/bin/../lib/gcc/arm-none-eabi/6.3.1/../../../../arm-none-eabi/lib/thumb/v6-m\libc_nano.a(lib_a-sbrkr.o)
                0x08007208                _sbrk_r
 .text.strcat   0x0800722c       0x1a c:/ac6/systemworkbench/plugins/fr.ac6.mcu.externaltools.arm-none.win32_1.15.0.201708311556/tools/compiler/bin/../lib/gcc/arm-none-eabi/6.3.1/../../../../arm-none-eabi/lib/thumb/v6-m\libc_nano.a(lib_a-strcat.o)
                0x0800722c                strcat
 .text.strcpy   0x08007246       0x10 c:/ac6/systemworkbench/plugins/fr.ac6.mcu.externaltools.arm-none.win32_1.15.0.201708311556/tools/compiler/bin/../lib/gcc/arm-none-eabi/6.3.1/../../../../arm-none-eabi/lib/thumb/v6-m\libc_nano.a(lib_a-strcpy.o)
                0x08007246                strcpy
 *fill*         0x08007256        0x2 
 .text.__utoa   0x08007258       0x74 c:/ac6/systemworkbench/plugins/fr.ac6.mcu.externaltools.arm-none.win32_1.15.0.201708311556/tools/compiler/bin/../lib/gcc/arm-none-eabi/6.3.1/../../../../arm-none-eabi/lib/thumb/v6-m\libc_nano.a(lib_a-utoa.o)
                0x08007258                __utoa
 .text.__malloc_lock
                0x080072cc        0x2 c:/ac6/systemworkbench/plugins/fr.ac6.mcu.externaltools.arm-none.win32_1.15.0.201708311556/tools/compiler/bin/../lib/gcc/arm-none-eabi/6.3.1/../../../../arm-none-eabi/lib/thumb/v6-m\libc_nano.a(lib_a-mlock.o)
                0x080072cc                __malloc_lock
 .text.__malloc_unlock
                0x080072ce        0x2 c:/ac6/systemworkbench/plugins/fr.ac6.mcu.externaltools.arm-none.win32_1.15.0.201708311556/tools/compiler/bin/../lib/gcc/arm-none-eabi/6.3.1/../../../../arm-none-eabi/lib/thumb/v6-m\libc_nano.a(lib_a-mlock.o)
                0x080072ce                __malloc_unlock
 .text._sbrk    0x080072d0       0x1c c:/ac6/systemworkbench/plugins/fr.ac6.mcu.externaltools.arm-none.win32_1.15.0.201708311556/tools/compiler/bin/../lib/gcc/arm-none-eabi/6.3.1/../../../../arm-none-eabi/lib/thumb/v6-m\libnosys.a(sbrk.o)
                0x080072d0                _sbrk
 *(.glue_7)
 .glue_7        0x080072ec        0x0 linker stubs
 *(.glue_7t)
 .glue_7t       0x080072ec        0x0 linker stubs
 *(.eh_frame)
 .eh_frame      0x080072ec        0x0 c:/ac6/systemworkbench/plugins/fr.ac6.mcu.externaltools.arm-none.win32_1.15.0.201708311556/tools/compiler/bin/../lib/gcc/arm-none-eabi/6.3.1/thumb/v6-m/crtbegin.o
 *(.init)
 .init          0x080072ec        0x4 c:/ac6/systemworkbench/plugins/fr.ac6.mcu.externaltools.arm-none.win32_1.15.0.201708311556/tools/compiler/bin/../lib/gcc/arm-none-eabi/6.3.1/thumb/v6-m/crti.o
                0x080072ec                _init
 .init          0x080072f0        0x8 c:/ac6/systemworkbench/plugins/fr.ac6.mcu.externaltools.arm-none.win32_1.15.0.201708311556/tools/compiler/bin/../lib/gcc/arm-none-eabi/6.3.1/thumb/v6-m/crtn.o
 *(.fini)
 .fini          0x080072f8        0x4 c:/ac6/systemworkbench/plugins/fr.ac6.mcu.externaltools.arm-none.win32_1.15.0.201708311556/tools/compiler/bin/../lib/gcc/arm-none-eabi/6.3.1/thumb/v6-m/crti.o
                0x080072f8                _fini
 .fini          0x080072fc        0x8 c:/ac6/systemworkbench/plugins/fr.ac6.mcu.externaltools.arm-none.win32_1.15.0.201708311556/tools/compiler/bin/../lib/gcc/arm-none-eabi/6.3.1/thumb/v6-m/crtn.o
                0x08007304                . = ALIGN (0x4)
                0x08007304                _etext = .

.vfp11_veneer   0x08007304        0x0
 .vfp11_veneer  0x08007304        0x0 linker stubs

.v4_bx          0x08007304        0x0
 .v4_bx         0x08007304        0x0 linker stubs

.iplt           0x08007304        0x0
 .iplt          0x08007304        0x0 c:/ac6/systemworkbench/plugins/fr.ac6.mcu.externaltools.arm-none.win32_1.15.0.201708311556/tools/compiler/bin/../lib/gcc/arm-none-eabi/6.3.1/thumb/v6-m/crtbegin.o

.rodata         0x08007304      0x320
                0x08007304                . = ALIGN (0x4)
 *(.rodata)
 .rodata        0x08007304       0x24 Drivers/STM32L0xx_HAL_Driver/Src/stm32l0xx_hal_irda.o
 .rodata        0x08007328       0x48 Drivers/STM32L0xx_HAL_Driver/Src/stm32l0xx_hal_uart.o
 .rodata        0x08007370       0x14 Middlewares/MemoryManager/NVM_Manager.o
 .rodata        0x08007384       0x14 Src/Debug_led.o
 .rodata        0x08007398       0x3c Src/main.o
 .rodata        0x080073d4       0x24 Src/system_stm32l0xx.o
                0x080073d4                PLLMulTable
                0x080073e0                AHBPrescTable
                0x080073f0                APBPrescTable
 .rodata        0x080073f8       0x40 c:/ac6/systemworkbench/plugins/fr.ac6.mcu.externaltools.arm-none.win32_1.15.0.201708311556/tools/compiler/bin/../lib/gcc/arm-none-eabi/6.3.1/thumb/v6-m\libgcc.a(divdf3.o)
 .rodata        0x08007438       0x40 c:/ac6/systemworkbench/plugins/fr.ac6.mcu.externaltools.arm-none.win32_1.15.0.201708311556/tools/compiler/bin/../lib/gcc/arm-none-eabi/6.3.1/thumb/v6-m\libgcc.a(muldf3.o)
 *(.rodata*)
 .rodata.str1.4
                0x08007478        0xe Middlewares/MemoryManager/NVM_Manager.o
 *fill*         0x08007486        0x2 
 .rodata.str1.4
                0x08007488       0xdb Middlewares/SerialManager/console.o
 *fill*         0x08007563        0x1 
 .rodata.str1.4
                0x08007564        0x5 Middlewares/Third_Party/FreeRTOS/Source/tasks.o
 *fill*         0x08007569        0x3 
 .rodata.str1.4
                0x0800756c        0xa Src/Debug_led.o
 *fill*         0x08007576        0x2 
 .rodata.str1.4
                0x08007578       0x84 Src/main.o
                                 0x86 (size before relaxing)
 .rodata.__utoa.str1.1
                0x080075fc       0x25 c:/ac6/systemworkbench/plugins/fr.ac6.mcu.externaltools.arm-none.win32_1.15.0.201708311556/tools/compiler/bin/../lib/gcc/arm-none-eabi/6.3.1/../../../../arm-none-eabi/lib/thumb/v6-m\libc_nano.a(lib_a-utoa.o)
                0x08007624                . = ALIGN (0x4)
 *fill*         0x08007621        0x3 

.ARM.extab
 *(.ARM.extab* .gnu.linkonce.armextab.*)

.ARM            0x08007624        0x8
                0x08007624                __exidx_start = .
 *(.ARM.exidx*)
 .ARM.exidx     0x08007624        0x8 c:/ac6/systemworkbench/plugins/fr.ac6.mcu.externaltools.arm-none.win32_1.15.0.201708311556/tools/compiler/bin/../lib/gcc/arm-none-eabi/6.3.1/thumb/v6-m\libgcc.a(_udivmoddi4.o)
                0x0800762c                __exidx_end = .

.rel.dyn        0x0800762c        0x0
 .rel.iplt      0x0800762c        0x0 c:/ac6/systemworkbench/plugins/fr.ac6.mcu.externaltools.arm-none.win32_1.15.0.201708311556/tools/compiler/bin/../lib/gcc/arm-none-eabi/6.3.1/thumb/v6-m/crtbegin.o

.preinit_array  0x0800762c        0x0
                0x0800762c                PROVIDE (__preinit_array_start, .)
 *(.preinit_array*)
                0x0800762c                PROVIDE (__preinit_array_end, .)

.init_array     0x0800762c        0x4
                0x0800762c                PROVIDE (__init_array_start, .)
 *(SORT(.init_array.*))
 *(.init_array*)
 .init_array    0x0800762c        0x4 c:/ac6/systemworkbench/plugins/fr.ac6.mcu.externaltools.arm-none.win32_1.15.0.201708311556/tools/compiler/bin/../lib/gcc/arm-none-eabi/6.3.1/thumb/v6-m/crtbegin.o
                0x08007630                PROVIDE (__init_array_end, .)

.fini_array     0x08007630        0x4
                [!provide]                PROVIDE (__fini_array_start, .)
 *(SORT(.fini_array.*))
 *(.fini_array*)
 .fini_array    0x08007630        0x4 c:/ac6/systemworkbench/plugins/fr.ac6.mcu.externaltools.arm-none.win32_1.15.0.201708311556/tools/compiler/bin/../lib/gcc/arm-none-eabi/6.3.1/thumb/v6-m/crtbegin.o
                [!provide]                PROVIDE (__fini_array_end, .)
                0x08007634                _sidata = LOADADDR (.data)

.data           0x20000000       0x6c load address 0x08007634
                0x20000000                . = ALIGN (0x4)
                0x20000000                _sdata = .
 *(.data)
 .data          0x20000000        0x4 Middlewares/Third_Party/FreeRTOS/Source/portable/GCC/ARM_CM0/port.o
 .data          0x20000004        0x4 Src/system_stm32l0xx.o
                0x20000004                SystemCoreClock
 *(.data*)
 .data._impure_ptr
                0x20000008        0x4 c:/ac6/systemworkbench/plugins/fr.ac6.mcu.externaltools.arm-none.win32_1.15.0.201708311556/tools/compiler/bin/../lib/gcc/arm-none-eabi/6.3.1/../../../../arm-none-eabi/lib/thumb/v6-m\libc_nano.a(lib_a-impure.o)
                0x20000008                _impure_ptr
 .data.impure_data
                0x2000000c       0x60 c:/ac6/systemworkbench/plugins/fr.ac6.mcu.externaltools.arm-none.win32_1.15.0.201708311556/tools/compiler/bin/../lib/gcc/arm-none-eabi/6.3.1/../../../../arm-none-eabi/lib/thumb/v6-m\libc_nano.a(lib_a-impure.o)
                0x2000006c                . = ALIGN (0x4)
                0x2000006c                _edata = .

.jcr            0x2000006c        0x0 load address 0x080076a0
 .jcr           0x2000006c        0x0 c:/ac6/systemworkbench/plugins/fr.ac6.mcu.externaltools.arm-none.win32_1.15.0.201708311556/tools/compiler/bin/../lib/gcc/arm-none-eabi/6.3.1/thumb/v6-m/crtbegin.o

.igot.plt       0x2000006c        0x0 load address 0x080076a0
 .igot.plt      0x2000006c        0x0 c:/ac6/systemworkbench/plugins/fr.ac6.mcu.externaltools.arm-none.win32_1.15.0.201708311556/tools/compiler/bin/../lib/gcc/arm-none-eabi/6.3.1/thumb/v6-m/crtbegin.o
                0x2000006c                . = ALIGN (0x4)

.bss            0x2000006c     0x172c load address 0x080076a0
                0x2000006c                _sbss = .
                0x2000006c                __bss_start__ = _sbss
 *(.bss)
 .bss           0x2000006c       0x1c c:/ac6/systemworkbench/plugins/fr.ac6.mcu.externaltools.arm-none.win32_1.15.0.201708311556/tools/compiler/bin/../lib/gcc/arm-none-eabi/6.3.1/thumb/v6-m/crtbegin.o
 .bss           0x20000088       0x24 Middlewares/SerialManager/console.o
 .bss           0x200000ac      0x12c Middlewares/Third_Party/FreeRTOS/Source/tasks.o
                0x200001ac                pxCurrentTCB
 .bss           0x200001d8     0x1418 Middlewares/Third_Party/FreeRTOS/Source/portable/MemMang/heap_4.o
 .bss           0x200015f0        0x8 Src/Debug_led.o
 .bss           0x200015f8        0x1 Src/main.o
                0x200015f8                updateCounter
 *(.bss*)
 *fill*         0x200015f9        0x3 
 .bss.__malloc_free_list
                0x200015fc        0x4 c:/ac6/systemworkbench/plugins/fr.ac6.mcu.externaltools.arm-none.win32_1.15.0.201708311556/tools/compiler/bin/../lib/gcc/arm-none-eabi/6.3.1/../../../../arm-none-eabi/lib/thumb/v6-m\libc_nano.a(lib_a-nano-mallocr.o)
                0x200015fc                __malloc_free_list
 .bss.__malloc_sbrk_start
                0x20001600        0x4 c:/ac6/systemworkbench/plugins/fr.ac6.mcu.externaltools.arm-none.win32_1.15.0.201708311556/tools/compiler/bin/../lib/gcc/arm-none-eabi/6.3.1/../../../../arm-none-eabi/lib/thumb/v6-m\libc_nano.a(lib_a-nano-mallocr.o)
                0x20001600                __malloc_sbrk_start
 .bss.heap_end.4116
                0x20001604        0x4 c:/ac6/systemworkbench/plugins/fr.ac6.mcu.externaltools.arm-none.win32_1.15.0.201708311556/tools/compiler/bin/../lib/gcc/arm-none-eabi/6.3.1/../../../../arm-none-eabi/lib/thumb/v6-m\libnosys.a(sbrk.o)
 *(COMMON)
 COMMON         0x20001608        0x4 Drivers/STM32L0xx_HAL_Driver/Src/stm32l0xx_hal.o
                0x20001608                uwTick
 COMMON         0x2000160c       0x18 Drivers/STM32L0xx_HAL_Driver/Src/stm32l0xx_hal_flash.o
                0x2000160c                pFlash
 COMMON         0x20001624        0xc Middlewares/MemoryManager/NVM_Manager.o
                0x20001624                Task_ManagEeprom
                0x20001628                SemaEepromManager
                0x2000162c                MutexEeprom
 COMMON         0x20001630        0xc Middlewares/SerialManager/console.o
                0x20001630                QueueConsole
                0x20001634                MutexConsole
                0x20001638                Task_console
 COMMON         0x2000163c        0x4 Src/Debug_led.o
                0x2000163c                taskLED_HEARTBEAT
 COMMON         0x20001640       0x14 Src/HTS221.o
                0x20001640                HTS221_CoefStruc
                0x20001650                HTS221_I2CHander
 COMMON         0x20001654      0x140 Src/main.o
                0x20001654                hirda1
                0x20001690                Task_ErrorCheck
                0x20001694                Task_UartSend
                0x20001698                Queue_number
                0x2000169c                hi2c1
                0x200016e8                Queue_SendTo_Uart
                0x200016ec                Queue_SendTo_TaskNVM
                0x200016f0                thread1_counter
                0x200016f4                NVM_QueueSet
                0x200016f8                hrtc
                0x2000171c                huart2
                0x2000178c                Task_SensorRead
                0x20001790                Task_NVM_ReadWrite
 COMMON         0x20001794        0x4 c:/ac6/systemworkbench/plugins/fr.ac6.mcu.externaltools.arm-none.win32_1.15.0.201708311556/tools/compiler/bin/../lib/gcc/arm-none-eabi/6.3.1/../../../../arm-none-eabi/lib/thumb/v6-m\libc_nano.a(lib_a-reent.o)
                0x20001794                errno
                0x20001798                . = ALIGN (0x4)
                0x20001798                _ebss = .
                0x20001798                __bss_end__ = _ebss

._user_heap_stack
                0x20001798      0x600 load address 0x080076a0
                0x20001798                . = ALIGN (0x8)
                0x20001798                PROVIDE (end, .)
                [!provide]                PROVIDE (_end, .)
                0x20001998                . = (. + _Min_Heap_Size)
 *fill*         0x20001798      0x200 
                0x20001d98                . = (. + _Min_Stack_Size)
 *fill*         0x20001998      0x400 
                0x20001d98                . = ALIGN (0x8)

/DISCARD/
 libc.a(*)
 libm.a(*)
 libgcc.a(*)

.ARM.attributes
                0x00000000       0x28
 *(.ARM.attributes)
 .ARM.attributes
                0x00000000       0x1e c:/ac6/systemworkbench/plugins/fr.ac6.mcu.externaltools.arm-none.win32_1.15.0.201708311556/tools/compiler/bin/../lib/gcc/arm-none-eabi/6.3.1/thumb/v6-m/crti.o
 .ARM.attributes
                0x0000001e       0x2c c:/ac6/systemworkbench/plugins/fr.ac6.mcu.externaltools.arm-none.win32_1.15.0.201708311556/tools/compiler/bin/../lib/gcc/arm-none-eabi/6.3.1/thumb/v6-m/crtbegin.o
 .ARM.attributes
                0x0000004a       0x32 Drivers/STM32L0xx_HAL_Driver/Src/stm32l0xx_hal.o
 .ARM.attributes
                0x0000007c       0x32 Drivers/STM32L0xx_HAL_Driver/Src/stm32l0xx_hal_cortex.o
 .ARM.attributes
                0x000000ae       0x32 Drivers/STM32L0xx_HAL_Driver/Src/stm32l0xx_hal_dma.o
 .ARM.attributes
                0x000000e0       0x32 Drivers/STM32L0xx_HAL_Driver/Src/stm32l0xx_hal_flash.o
 .ARM.attributes
                0x00000112       0x32 Drivers/STM32L0xx_HAL_Driver/Src/stm32l0xx_hal_flash_ex.o
 .ARM.attributes
                0x00000144       0x32 Drivers/STM32L0xx_HAL_Driver/Src/stm32l0xx_hal_gpio.o
 .ARM.attributes
                0x00000176       0x32 Drivers/STM32L0xx_HAL_Driver/Src/stm32l0xx_hal_i2c.o
 .ARM.attributes
                0x000001a8       0x32 Drivers/STM32L0xx_HAL_Driver/Src/stm32l0xx_hal_i2c_ex.o
 .ARM.attributes
                0x000001da       0x32 Drivers/STM32L0xx_HAL_Driver/Src/stm32l0xx_hal_irda.o
 .ARM.attributes
                0x0000020c       0x32 Drivers/STM32L0xx_HAL_Driver/Src/stm32l0xx_hal_rcc.o
 .ARM.attributes
                0x0000023e       0x32 Drivers/STM32L0xx_HAL_Driver/Src/stm32l0xx_hal_rcc_ex.o
 .ARM.attributes
                0x00000270       0x32 Drivers/STM32L0xx_HAL_Driver/Src/stm32l0xx_hal_rtc.o
 .ARM.attributes
                0x000002a2       0x32 Drivers/STM32L0xx_HAL_Driver/Src/stm32l0xx_hal_rtc_ex.o
 .ARM.attributes
                0x000002d4       0x32 Drivers/STM32L0xx_HAL_Driver/Src/stm32l0xx_hal_uart.o
 .ARM.attributes
                0x00000306       0x32 Drivers/STM32L0xx_HAL_Driver/Src/stm32l0xx_hal_uart_ex.o
 .ARM.attributes
                0x00000338       0x32 Middlewares/MemoryManager/NVM_Manager.o
 .ARM.attributes
                0x0000036a       0x32 Middlewares/SerialManager/console.o
 .ARM.attributes
                0x0000039c       0x32 Middlewares/Third_Party/FreeRTOS/Source/CMSIS_RTOS/cmsis_os.o
 .ARM.attributes
                0x000003ce       0x32 Middlewares/Third_Party/FreeRTOS/Source/list.o
 .ARM.attributes
                0x00000400       0x32 Middlewares/Third_Party/FreeRTOS/Source/queue.o
 .ARM.attributes
                0x00000432       0x32 Middlewares/Third_Party/FreeRTOS/Source/tasks.o
 .ARM.attributes
                0x00000464       0x32 Middlewares/Third_Party/FreeRTOS/Source/portable/GCC/ARM_CM0/port.o
 .ARM.attributes
                0x00000496       0x32 Middlewares/Third_Party/FreeRTOS/Source/portable/MemMang/heap_4.o
 .ARM.attributes
                0x000004c8       0x32 Src/Debug_led.o
 .ARM.attributes
                0x000004fa       0x32 Src/HTS221.o
 .ARM.attributes
                0x0000052c       0x32 Src/main.o
 .ARM.attributes
                0x0000055e       0x32 Src/stm32l0xx_hal_msp.o
 .ARM.attributes
                0x00000590       0x32 Src/stm32l0xx_it.o
 .ARM.attributes
                0x000005c2       0x32 Src/system_stm32l0xx.o
 .ARM.attributes
                0x000005f4       0x22 startup/startup_stm32l053xx.o
 .ARM.attributes
                0x00000616       0x1e c:/ac6/systemworkbench/plugins/fr.ac6.mcu.externaltools.arm-none.win32_1.15.0.201708311556/tools/compiler/bin/../lib/gcc/arm-none-eabi/6.3.1/thumb/v6-m\libgcc.a(_udivsi3.o)
 .ARM.attributes
                0x00000634       0x1e c:/ac6/systemworkbench/plugins/fr.ac6.mcu.externaltools.arm-none.win32_1.15.0.201708311556/tools/compiler/bin/../lib/gcc/arm-none-eabi/6.3.1/thumb/v6-m\libgcc.a(_dvmd_tls.o)
 .ARM.attributes
                0x00000652       0x1e c:/ac6/systemworkbench/plugins/fr.ac6.mcu.externaltools.arm-none.win32_1.15.0.201708311556/tools/compiler/bin/../lib/gcc/arm-none-eabi/6.3.1/thumb/v6-m\libgcc.a(_aeabi_uldivmod.o)
 .ARM.attributes
                0x00000670       0x2c c:/ac6/systemworkbench/plugins/fr.ac6.mcu.externaltools.arm-none.win32_1.15.0.201708311556/tools/compiler/bin/../lib/gcc/arm-none-eabi/6.3.1/thumb/v6-m\libgcc.a(_udivmoddi4.o)
 .ARM.attributes
                0x0000069c       0x2c c:/ac6/systemworkbench/plugins/fr.ac6.mcu.externaltools.arm-none.win32_1.15.0.201708311556/tools/compiler/bin/../lib/gcc/arm-none-eabi/6.3.1/thumb/v6-m\libgcc.a(fixsfsi.o)
 .ARM.attributes
                0x000006c8       0x2c c:/ac6/systemworkbench/plugins/fr.ac6.mcu.externaltools.arm-none.win32_1.15.0.201708311556/tools/compiler/bin/../lib/gcc/arm-none-eabi/6.3.1/thumb/v6-m\libgcc.a(adddf3.o)
 .ARM.attributes
                0x000006f4       0x2c c:/ac6/systemworkbench/plugins/fr.ac6.mcu.externaltools.arm-none.win32_1.15.0.201708311556/tools/compiler/bin/../lib/gcc/arm-none-eabi/6.3.1/thumb/v6-m\libgcc.a(divdf3.o)
 .ARM.attributes
                0x00000720       0x2c c:/ac6/systemworkbench/plugins/fr.ac6.mcu.externaltools.arm-none.win32_1.15.0.201708311556/tools/compiler/bin/../lib/gcc/arm-none-eabi/6.3.1/thumb/v6-m\libgcc.a(muldf3.o)
 .ARM.attributes
                0x0000074c       0x2c c:/ac6/systemworkbench/plugins/fr.ac6.mcu.externaltools.arm-none.win32_1.15.0.201708311556/tools/compiler/bin/../lib/gcc/arm-none-eabi/6.3.1/thumb/v6-m\libgcc.a(subdf3.o)
 .ARM.attributes
                0x00000778       0x2c c:/ac6/systemworkbench/plugins/fr.ac6.mcu.externaltools.arm-none.win32_1.15.0.201708311556/tools/compiler/bin/../lib/gcc/arm-none-eabi/6.3.1/thumb/v6-m\libgcc.a(floatsidf.o)
 .ARM.attributes
                0x000007a4       0x2c c:/ac6/systemworkbench/plugins/fr.ac6.mcu.externaltools.arm-none.win32_1.15.0.201708311556/tools/compiler/bin/../lib/gcc/arm-none-eabi/6.3.1/thumb/v6-m\libgcc.a(truncdfsf2.o)
 .ARM.attributes
                0x000007d0       0x1e c:/ac6/systemworkbench/plugins/fr.ac6.mcu.externaltools.arm-none.win32_1.15.0.201708311556/tools/compiler/bin/../lib/gcc/arm-none-eabi/6.3.1/thumb/v6-m\libgcc.a(_clzsi2.o)
 .ARM.attributes
                0x000007ee       0x1e c:/ac6/systemworkbench/plugins/fr.ac6.mcu.externaltools.arm-none.win32_1.15.0.201708311556/tools/compiler/bin/../lib/gcc/arm-none-eabi/6.3.1/thumb/v6-m\libgcc.a(_clzdi2.o)
 .ARM.attributes
                0x0000080c       0x2c c:/ac6/systemworkbench/plugins/fr.ac6.mcu.externaltools.arm-none.win32_1.15.0.201708311556/tools/compiler/bin/../lib/gcc/arm-none-eabi/6.3.1/../../../../arm-none-eabi/lib/thumb/v6-m\libc_nano.a(lib_a-impure.o)
 .ARM.attributes
                0x00000838       0x2c c:/ac6/systemworkbench/plugins/fr.ac6.mcu.externaltools.arm-none.win32_1.15.0.201708311556/tools/compiler/bin/../lib/gcc/arm-none-eabi/6.3.1/../../../../arm-none-eabi/lib/thumb/v6-m\libc_nano.a(lib_a-init.o)
 .ARM.attributes
                0x00000864       0x2c c:/ac6/systemworkbench/plugins/fr.ac6.mcu.externaltools.arm-none.win32_1.15.0.201708311556/tools/compiler/bin/../lib/gcc/arm-none-eabi/6.3.1/../../../../arm-none-eabi/lib/thumb/v6-m\libc_nano.a(lib_a-itoa.o)
 .ARM.attributes
                0x00000890       0x2c c:/ac6/systemworkbench/plugins/fr.ac6.mcu.externaltools.arm-none.win32_1.15.0.201708311556/tools/compiler/bin/../lib/gcc/arm-none-eabi/6.3.1/../../../../arm-none-eabi/lib/thumb/v6-m\libc_nano.a(lib_a-malloc.o)
 .ARM.attributes
                0x000008bc       0x2c c:/ac6/systemworkbench/plugins/fr.ac6.mcu.externaltools.arm-none.win32_1.15.0.201708311556/tools/compiler/bin/../lib/gcc/arm-none-eabi/6.3.1/../../../../arm-none-eabi/lib/thumb/v6-m\libc_nano.a(lib_a-memcpy-stub.o)
 .ARM.attributes
                0x000008e8       0x2c c:/ac6/systemworkbench/plugins/fr.ac6.mcu.externaltools.arm-none.win32_1.15.0.201708311556/tools/compiler/bin/../lib/gcc/arm-none-eabi/6.3.1/../../../../arm-none-eabi/lib/thumb/v6-m\libc_nano.a(lib_a-memset.o)
 .ARM.attributes
                0x00000914       0x2c c:/ac6/systemworkbench/plugins/fr.ac6.mcu.externaltools.arm-none.win32_1.15.0.201708311556/tools/compiler/bin/../lib/gcc/arm-none-eabi/6.3.1/../../../../arm-none-eabi/lib/thumb/v6-m\libc_nano.a(lib_a-nano-freer.o)
 .ARM.attributes
                0x00000940       0x2c c:/ac6/systemworkbench/plugins/fr.ac6.mcu.externaltools.arm-none.win32_1.15.0.201708311556/tools/compiler/bin/../lib/gcc/arm-none-eabi/6.3.1/../../../../arm-none-eabi/lib/thumb/v6-m\libc_nano.a(lib_a-nano-mallocr.o)
 .ARM.attributes
                0x0000096c       0x2c c:/ac6/systemworkbench/plugins/fr.ac6.mcu.externaltools.arm-none.win32_1.15.0.201708311556/tools/compiler/bin/../lib/gcc/arm-none-eabi/6.3.1/../../../../arm-none-eabi/lib/thumb/v6-m\libc_nano.a(lib_a-sbrkr.o)
 .ARM.attributes
                0x00000998       0x2c c:/ac6/systemworkbench/plugins/fr.ac6.mcu.externaltools.arm-none.win32_1.15.0.201708311556/tools/compiler/bin/../lib/gcc/arm-none-eabi/6.3.1/../../../../arm-none-eabi/lib/thumb/v6-m\libc_nano.a(lib_a-strcat.o)
 .ARM.attributes
                0x000009c4       0x1c c:/ac6/systemworkbench/plugins/fr.ac6.mcu.externaltools.arm-none.win32_1.15.0.201708311556/tools/compiler/bin/../lib/gcc/arm-none-eabi/6.3.1/../../../../arm-none-eabi/lib/thumb/v6-m\libc_nano.a(lib_a-strcmp.o)
 .ARM.attributes
                0x000009e0       0x2c c:/ac6/systemworkbench/plugins/fr.ac6.mcu.externaltools.arm-none.win32_1.15.0.201708311556/tools/compiler/bin/../lib/gcc/arm-none-eabi/6.3.1/../../../../arm-none-eabi/lib/thumb/v6-m\libc_nano.a(lib_a-strcpy.o)
 .ARM.attributes
                0x00000a0c       0x1c c:/ac6/systemworkbench/plugins/fr.ac6.mcu.externaltools.arm-none.win32_1.15.0.201708311556/tools/compiler/bin/../lib/gcc/arm-none-eabi/6.3.1/../../../../arm-none-eabi/lib/thumb/v6-m\libc_nano.a(lib_a-strlen.o)
 .ARM.attributes
                0x00000a28       0x2c c:/ac6/systemworkbench/plugins/fr.ac6.mcu.externaltools.arm-none.win32_1.15.0.201708311556/tools/compiler/bin/../lib/gcc/arm-none-eabi/6.3.1/../../../../arm-none-eabi/lib/thumb/v6-m\libc_nano.a(lib_a-utoa.o)
 .ARM.attributes
                0x00000a54       0x2c c:/ac6/systemworkbench/plugins/fr.ac6.mcu.externaltools.arm-none.win32_1.15.0.201708311556/tools/compiler/bin/../lib/gcc/arm-none-eabi/6.3.1/../../../../arm-none-eabi/lib/thumb/v6-m\libc_nano.a(lib_a-mlock.o)
 .ARM.attributes
                0x00000a80       0x2c c:/ac6/systemworkbench/plugins/fr.ac6.mcu.externaltools.arm-none.win32_1.15.0.201708311556/tools/compiler/bin/../lib/gcc/arm-none-eabi/6.3.1/../../../../arm-none-eabi/lib/thumb/v6-m\libc_nano.a(lib_a-reent.o)
 .ARM.attributes
                0x00000aac       0x2c c:/ac6/systemworkbench/plugins/fr.ac6.mcu.externaltools.arm-none.win32_1.15.0.201708311556/tools/compiler/bin/../lib/gcc/arm-none-eabi/6.3.1/../../../../arm-none-eabi/lib/thumb/v6-m\libnosys.a(sbrk.o)
 .ARM.attributes
                0x00000ad8       0x1e c:/ac6/systemworkbench/plugins/fr.ac6.mcu.externaltools.arm-none.win32_1.15.0.201708311556/tools/compiler/bin/../lib/gcc/arm-none-eabi/6.3.1/thumb/v6-m/crtn.o
OUTPUT(RTOS_IOT.elf elf32-littlearm)

.debug_info     0x00000000    0x2863e
 .debug_info    0x00000000      0xfea Drivers/STM32L0xx_HAL_Driver/Src/stm32l0xx_hal.o
 .debug_info    0x00000fea     0x1128 Drivers/STM32L0xx_HAL_Driver/Src/stm32l0xx_hal_cortex.o
 .debug_info    0x00002112      0xf1f Drivers/STM32L0xx_HAL_Driver/Src/stm32l0xx_hal_dma.o
 .debug_info    0x00003031      0xd96 Drivers/STM32L0xx_HAL_Driver/Src/stm32l0xx_hal_flash.o
 .debug_info    0x00003dc7     0x13f1 Drivers/STM32L0xx_HAL_Driver/Src/stm32l0xx_hal_flash_ex.o
 .debug_info    0x000051b8      0xef9 Drivers/STM32L0xx_HAL_Driver/Src/stm32l0xx_hal_gpio.o
 .debug_info    0x000060b1     0x399c Drivers/STM32L0xx_HAL_Driver/Src/stm32l0xx_hal_i2c.o
 .debug_info    0x00009a4d     0x10d2 Drivers/STM32L0xx_HAL_Driver/Src/stm32l0xx_hal_i2c_ex.o
 .debug_info    0x0000ab1f     0x1da0 Drivers/STM32L0xx_HAL_Driver/Src/stm32l0xx_hal_irda.o
 .debug_info    0x0000c8bf     0x1396 Drivers/STM32L0xx_HAL_Driver/Src/stm32l0xx_hal_rcc.o
 .debug_info    0x0000dc55     0x113c Drivers/STM32L0xx_HAL_Driver/Src/stm32l0xx_hal_rcc_ex.o
 .debug_info    0x0000ed91     0x15a1 Drivers/STM32L0xx_HAL_Driver/Src/stm32l0xx_hal_rtc.o
 .debug_info    0x00010332     0x17a3 Drivers/STM32L0xx_HAL_Driver/Src/stm32l0xx_hal_rtc_ex.o
 .debug_info    0x00011ad5     0x2224 Drivers/STM32L0xx_HAL_Driver/Src/stm32l0xx_hal_uart.o
 .debug_info    0x00013cf9     0x1177 Drivers/STM32L0xx_HAL_Driver/Src/stm32l0xx_hal_uart_ex.o
 .debug_info    0x00014e70      0xf12 Middlewares/MemoryManager/NVM_Manager.o
 .debug_info    0x00015d82     0x152e Middlewares/SerialManager/console.o
 .debug_info    0x000172b0     0x2334 Middlewares/Third_Party/FreeRTOS/Source/CMSIS_RTOS/cmsis_os.o
 .debug_info    0x000195e4      0xad4 Middlewares/Third_Party/FreeRTOS/Source/list.o
 .debug_info    0x0001a0b8     0x1ee3 Middlewares/Third_Party/FreeRTOS/Source/queue.o
 .debug_info    0x0001bf9b     0x29a4 Middlewares/Third_Party/FreeRTOS/Source/tasks.o
 .debug_info    0x0001e93f      0xad4 Middlewares/Third_Party/FreeRTOS/Source/portable/GCC/ARM_CM0/port.o
 .debug_info    0x0001f413      0xbae Middlewares/Third_Party/FreeRTOS/Source/portable/MemMang/heap_4.o
 .debug_info    0x0001ffc1      0xcf6 Src/Debug_led.o
 .debug_info    0x00020cb7     0x13cb Src/HTS221.o
 .debug_info    0x00022082     0x2e4d Src/main.o
 .debug_info    0x00024ecf     0x1a0e Src/stm32l0xx_hal_msp.o
 .debug_info    0x000268dd     0x1126 Src/stm32l0xx_it.o
 .debug_info    0x00027a03      0xbbd Src/system_stm32l0xx.o
 .debug_info    0x000285c0       0x7e startup/startup_stm32l053xx.o

.debug_abbrev   0x00000000     0x5087
 .debug_abbrev  0x00000000      0x2e3 Drivers/STM32L0xx_HAL_Driver/Src/stm32l0xx_hal.o
 .debug_abbrev  0x000002e3      0x326 Drivers/STM32L0xx_HAL_Driver/Src/stm32l0xx_hal_cortex.o
 .debug_abbrev  0x00000609      0x2b6 Drivers/STM32L0xx_HAL_Driver/Src/stm32l0xx_hal_dma.o
 .debug_abbrev  0x000008bf      0x309 Drivers/STM32L0xx_HAL_Driver/Src/stm32l0xx_hal_flash.o
 .debug_abbrev  0x00000bc8      0x319 Drivers/STM32L0xx_HAL_Driver/Src/stm32l0xx_hal_flash_ex.o
 .debug_abbrev  0x00000ee1      0x28d Drivers/STM32L0xx_HAL_Driver/Src/stm32l0xx_hal_gpio.o
 .debug_abbrev  0x0000116e      0x2dd Drivers/STM32L0xx_HAL_Driver/Src/stm32l0xx_hal_i2c.o
 .debug_abbrev  0x0000144b      0x24c Drivers/STM32L0xx_HAL_Driver/Src/stm32l0xx_hal_i2c_ex.o
 .debug_abbrev  0x00001697      0x2fd Drivers/STM32L0xx_HAL_Driver/Src/stm32l0xx_hal_irda.o
 .debug_abbrev  0x00001994      0x313 Drivers/STM32L0xx_HAL_Driver/Src/stm32l0xx_hal_rcc.o
 .debug_abbrev  0x00001ca7      0x2bd Drivers/STM32L0xx_HAL_Driver/Src/stm32l0xx_hal_rcc_ex.o
 .debug_abbrev  0x00001f64      0x2a6 Drivers/STM32L0xx_HAL_Driver/Src/stm32l0xx_hal_rtc.o
 .debug_abbrev  0x0000220a      0x2b5 Drivers/STM32L0xx_HAL_Driver/Src/stm32l0xx_hal_rtc_ex.o
 .debug_abbrev  0x000024bf      0x31f Drivers/STM32L0xx_HAL_Driver/Src/stm32l0xx_hal_uart.o
 .debug_abbrev  0x000027de      0x2be Drivers/STM32L0xx_HAL_Driver/Src/stm32l0xx_hal_uart_ex.o
 .debug_abbrev  0x00002a9c      0x29c Middlewares/MemoryManager/NVM_Manager.o
 .debug_abbrev  0x00002d38      0x29f Middlewares/SerialManager/console.o
 .debug_abbrev  0x00002fd7      0x3b4 Middlewares/Third_Party/FreeRTOS/Source/CMSIS_RTOS/cmsis_os.o
 .debug_abbrev  0x0000338b      0x21c Middlewares/Third_Party/FreeRTOS/Source/list.o
 .debug_abbrev  0x000035a7      0x2f7 Middlewares/Third_Party/FreeRTOS/Source/queue.o
 .debug_abbrev  0x0000389e      0x32b Middlewares/Third_Party/FreeRTOS/Source/tasks.o
 .debug_abbrev  0x00003bc9      0x2be Middlewares/Third_Party/FreeRTOS/Source/portable/GCC/ARM_CM0/port.o
 .debug_abbrev  0x00003e87      0x2c8 Middlewares/Third_Party/FreeRTOS/Source/portable/MemMang/heap_4.o
 .debug_abbrev  0x0000414f      0x257 Src/Debug_led.o
 .debug_abbrev  0x000043a6      0x2d1 Src/HTS221.o
 .debug_abbrev  0x00004677      0x389 Src/main.o
 .debug_abbrev  0x00004a00      0x245 Src/stm32l0xx_hal_msp.o
 .debug_abbrev  0x00004c45      0x22b Src/stm32l0xx_it.o
 .debug_abbrev  0x00004e70      0x205 Src/system_stm32l0xx.o
 .debug_abbrev  0x00005075       0x12 startup/startup_stm32l053xx.o

.debug_loc      0x00000000    0x109cf
 .debug_loc     0x00000000       0xac Drivers/STM32L0xx_HAL_Driver/Src/stm32l0xx_hal.o
 .debug_loc     0x000000ac      0x393 Drivers/STM32L0xx_HAL_Driver/Src/stm32l0xx_hal_cortex.o
 .debug_loc     0x0000043f      0x5f8 Drivers/STM32L0xx_HAL_Driver/Src/stm32l0xx_hal_dma.o
 .debug_loc     0x00000a37      0x22e Drivers/STM32L0xx_HAL_Driver/Src/stm32l0xx_hal_flash.o
 .debug_loc     0x00000c65      0xa31 Drivers/STM32L0xx_HAL_Driver/Src/stm32l0xx_hal_flash_ex.o
 .debug_loc     0x00001696      0x2a5 Drivers/STM32L0xx_HAL_Driver/Src/stm32l0xx_hal_gpio.o
 .debug_loc     0x0000193b     0x39fd Drivers/STM32L0xx_HAL_Driver/Src/stm32l0xx_hal_i2c.o
 .debug_loc     0x00005338      0x245 Drivers/STM32L0xx_HAL_Driver/Src/stm32l0xx_hal_i2c_ex.o
 .debug_loc     0x0000557d     0x1381 Drivers/STM32L0xx_HAL_Driver/Src/stm32l0xx_hal_irda.o
 .debug_loc     0x000068fe      0x5c1 Drivers/STM32L0xx_HAL_Driver/Src/stm32l0xx_hal_rcc.o
 .debug_loc     0x00006ebf      0xa1b Drivers/STM32L0xx_HAL_Driver/Src/stm32l0xx_hal_rcc_ex.o
 .debug_loc     0x000078da      0xc37 Drivers/STM32L0xx_HAL_Driver/Src/stm32l0xx_hal_rtc.o
 .debug_loc     0x00008511      0xe78 Drivers/STM32L0xx_HAL_Driver/Src/stm32l0xx_hal_rtc_ex.o
 .debug_loc     0x00009389     0x1a54 Drivers/STM32L0xx_HAL_Driver/Src/stm32l0xx_hal_uart.o
 .debug_loc     0x0000addd      0x388 Drivers/STM32L0xx_HAL_Driver/Src/stm32l0xx_hal_uart_ex.o
 .debug_loc     0x0000b165       0xa8 Middlewares/MemoryManager/NVM_Manager.o
 .debug_loc     0x0000b20d      0x236 Middlewares/SerialManager/console.o
 .debug_loc     0x0000b443     0x11b3 Middlewares/Third_Party/FreeRTOS/Source/CMSIS_RTOS/cmsis_os.o
 .debug_loc     0x0000c5f6       0x70 Middlewares/Third_Party/FreeRTOS/Source/list.o
 .debug_loc     0x0000c666     0x194a Middlewares/Third_Party/FreeRTOS/Source/queue.o
 .debug_loc     0x0000dfb0     0x1dd7 Middlewares/Third_Party/FreeRTOS/Source/tasks.o
 .debug_loc     0x0000fd87       0xa6 Middlewares/Third_Party/FreeRTOS/Source/portable/GCC/ARM_CM0/port.o
 .debug_loc     0x0000fe2d      0x28e Middlewares/Third_Party/FreeRTOS/Source/portable/MemMang/heap_4.o
 .debug_loc     0x000100bb       0x63 Src/Debug_led.o
 .debug_loc     0x0001011e      0x348 Src/HTS221.o
 .debug_loc     0x00010466      0x23e Src/main.o
 .debug_loc     0x000106a4      0x15c Src/stm32l0xx_hal_msp.o
 .debug_loc     0x00010800      0x1cf Src/system_stm32l0xx.o

.debug_aranges  0x00000000     0x1560
 .debug_aranges
                0x00000000       0xe0 Drivers/STM32L0xx_HAL_Driver/Src/stm32l0xx_hal.o
 .debug_aranges
                0x000000e0       0x80 Drivers/STM32L0xx_HAL_Driver/Src/stm32l0xx_hal_cortex.o
 .debug_aranges
                0x00000160       0x70 Drivers/STM32L0xx_HAL_Driver/Src/stm32l0xx_hal_dma.o
 .debug_aranges
                0x000001d0       0x80 Drivers/STM32L0xx_HAL_Driver/Src/stm32l0xx_hal_flash.o
 .debug_aranges
                0x00000250       0xe0 Drivers/STM32L0xx_HAL_Driver/Src/stm32l0xx_hal_flash_ex.o
 .debug_aranges
                0x00000330       0x58 Drivers/STM32L0xx_HAL_Driver/Src/stm32l0xx_hal_gpio.o
 .debug_aranges
                0x00000388      0x260 Drivers/STM32L0xx_HAL_Driver/Src/stm32l0xx_hal_i2c.o
 .debug_aranges
                0x000005e8       0x48 Drivers/STM32L0xx_HAL_Driver/Src/stm32l0xx_hal_i2c_ex.o
 .debug_aranges
                0x00000630      0x198 Drivers/STM32L0xx_HAL_Driver/Src/stm32l0xx_hal_irda.o
 .debug_aranges
                0x000007c8       0x88 Drivers/STM32L0xx_HAL_Driver/Src/stm32l0xx_hal_rcc.o
 .debug_aranges
                0x00000850       0xb0 Drivers/STM32L0xx_HAL_Driver/Src/stm32l0xx_hal_rcc_ex.o
 .debug_aranges
                0x00000900       0xb8 Drivers/STM32L0xx_HAL_Driver/Src/stm32l0xx_hal_rtc.o
 .debug_aranges
                0x000009b8      0x120 Drivers/STM32L0xx_HAL_Driver/Src/stm32l0xx_hal_rtc_ex.o
 .debug_aranges
                0x00000ad8      0x1e8 Drivers/STM32L0xx_HAL_Driver/Src/stm32l0xx_hal_uart.o
 .debug_aranges
                0x00000cc0       0x60 Drivers/STM32L0xx_HAL_Driver/Src/stm32l0xx_hal_uart_ex.o
 .debug_aranges
                0x00000d20       0x38 Middlewares/MemoryManager/NVM_Manager.o
 .debug_aranges
                0x00000d58       0x38 Middlewares/SerialManager/console.o
 .debug_aranges
                0x00000d90      0x1d8 Middlewares/Third_Party/FreeRTOS/Source/CMSIS_RTOS/cmsis_os.o
 .debug_aranges
                0x00000f68       0x40 Middlewares/Third_Party/FreeRTOS/Source/list.o
 .debug_aranges
                0x00000fa8      0x128 Middlewares/Third_Party/FreeRTOS/Source/queue.o
 .debug_aranges
                0x000010d0      0x1d0 Middlewares/Third_Party/FreeRTOS/Source/tasks.o
 .debug_aranges
                0x000012a0       0x88 Middlewares/Third_Party/FreeRTOS/Source/portable/GCC/ARM_CM0/port.o
 .debug_aranges
                0x00001328       0x50 Middlewares/Third_Party/FreeRTOS/Source/portable/MemMang/heap_4.o
 .debug_aranges
                0x00001378       0x28 Src/Debug_led.o
 .debug_aranges
                0x000013a0       0x68 Src/HTS221.o
 .debug_aranges
                0x00001408       0x78 Src/main.o
 .debug_aranges
                0x00001480       0x60 Src/stm32l0xx_hal_msp.o
 .debug_aranges
                0x000014e0       0x30 Src/stm32l0xx_it.o
 .debug_aranges
                0x00001510       0x28 Src/system_stm32l0xx.o
 .debug_aranges
                0x00001538       0x28 startup/startup_stm32l053xx.o

.debug_ranges   0x00000000     0x15d8
 .debug_ranges  0x00000000       0xd0 Drivers/STM32L0xx_HAL_Driver/Src/stm32l0xx_hal.o
 .debug_ranges  0x000000d0       0xb8 Drivers/STM32L0xx_HAL_Driver/Src/stm32l0xx_hal_cortex.o
 .debug_ranges  0x00000188       0x60 Drivers/STM32L0xx_HAL_Driver/Src/stm32l0xx_hal_dma.o
 .debug_ranges  0x000001e8       0x70 Drivers/STM32L0xx_HAL_Driver/Src/stm32l0xx_hal_flash.o
 .debug_ranges  0x00000258       0xd0 Drivers/STM32L0xx_HAL_Driver/Src/stm32l0xx_hal_flash_ex.o
 .debug_ranges  0x00000328       0x48 Drivers/STM32L0xx_HAL_Driver/Src/stm32l0xx_hal_gpio.o
 .debug_ranges  0x00000370      0x250 Drivers/STM32L0xx_HAL_Driver/Src/stm32l0xx_hal_i2c.o
 .debug_ranges  0x000005c0       0x38 Drivers/STM32L0xx_HAL_Driver/Src/stm32l0xx_hal_i2c_ex.o
 .debug_ranges  0x000005f8      0x188 Drivers/STM32L0xx_HAL_Driver/Src/stm32l0xx_hal_irda.o
 .debug_ranges  0x00000780       0xa8 Drivers/STM32L0xx_HAL_Driver/Src/stm32l0xx_hal_rcc.o
 .debug_ranges  0x00000828       0xb8 Drivers/STM32L0xx_HAL_Driver/Src/stm32l0xx_hal_rcc_ex.o
 .debug_ranges  0x000008e0       0xa8 Drivers/STM32L0xx_HAL_Driver/Src/stm32l0xx_hal_rtc.o
 .debug_ranges  0x00000988      0x110 Drivers/STM32L0xx_HAL_Driver/Src/stm32l0xx_hal_rtc_ex.o
 .debug_ranges  0x00000a98      0x1d8 Drivers/STM32L0xx_HAL_Driver/Src/stm32l0xx_hal_uart.o
 .debug_ranges  0x00000c70       0x50 Drivers/STM32L0xx_HAL_Driver/Src/stm32l0xx_hal_uart_ex.o
 .debug_ranges  0x00000cc0       0x28 Middlewares/MemoryManager/NVM_Manager.o
 .debug_ranges  0x00000ce8       0x28 Middlewares/SerialManager/console.o
 .debug_ranges  0x00000d10      0x1c8 Middlewares/Third_Party/FreeRTOS/Source/CMSIS_RTOS/cmsis_os.o
 .debug_ranges  0x00000ed8       0x30 Middlewares/Third_Party/FreeRTOS/Source/list.o
 .debug_ranges  0x00000f08      0x1e0 Middlewares/Third_Party/FreeRTOS/Source/queue.o
 .debug_ranges  0x000010e8      0x2b8 Middlewares/Third_Party/FreeRTOS/Source/tasks.o
 .debug_ranges  0x000013a0       0x78 Middlewares/Third_Party/FreeRTOS/Source/portable/GCC/ARM_CM0/port.o
 .debug_ranges  0x00001418       0x40 Middlewares/Third_Party/FreeRTOS/Source/portable/MemMang/heap_4.o
 .debug_ranges  0x00001458       0x18 Src/Debug_led.o
 .debug_ranges  0x00001470       0x58 Src/HTS221.o
 .debug_ranges  0x000014c8       0x68 Src/main.o
 .debug_ranges  0x00001530       0x50 Src/stm32l0xx_hal_msp.o
 .debug_ranges  0x00001580       0x20 Src/stm32l0xx_it.o
 .debug_ranges  0x000015a0       0x18 Src/system_stm32l0xx.o
 .debug_ranges  0x000015b8       0x20 startup/startup_stm32l053xx.o

.debug_macro    0x00000000    0x196d1
 .debug_macro   0x00000000      0x3a0 Drivers/STM32L0xx_HAL_Driver/Src/stm32l0xx_hal.o
 .debug_macro   0x000003a0      0x8aa Drivers/STM32L0xx_HAL_Driver/Src/stm32l0xx_hal.o
 .debug_macro   0x00000c4a       0x22 Drivers/STM32L0xx_HAL_Driver/Src/stm32l0xx_hal.o
 .debug_macro   0x00000c6c       0x52 Drivers/STM32L0xx_HAL_Driver/Src/stm32l0xx_hal.o
 .debug_macro   0x00000cbe       0x8d Drivers/STM32L0xx_HAL_Driver/Src/stm32l0xx_hal.o
 .debug_macro   0x00000d4b       0x35 Drivers/STM32L0xx_HAL_Driver/Src/stm32l0xx_hal.o
 .debug_macro   0x00000d80       0x9c Drivers/STM32L0xx_HAL_Driver/Src/stm32l0xx_hal.o
 .debug_macro   0x00000e1c      0x174 Drivers/STM32L0xx_HAL_Driver/Src/stm32l0xx_hal.o
 .debug_macro   0x00000f90       0x57 Drivers/STM32L0xx_HAL_Driver/Src/stm32l0xx_hal.o
 .debug_macro   0x00000fe7       0x58 Drivers/STM32L0xx_HAL_Driver/Src/stm32l0xx_hal.o
 .debug_macro   0x0000103f       0x1f Drivers/STM32L0xx_HAL_Driver/Src/stm32l0xx_hal.o
 .debug_macro   0x0000105e       0x43 Drivers/STM32L0xx_HAL_Driver/Src/stm32l0xx_hal.o
 .debug_macro   0x000010a1       0x20 Drivers/STM32L0xx_HAL_Driver/Src/stm32l0xx_hal.o
 .debug_macro   0x000010c1      0x187 Drivers/STM32L0xx_HAL_Driver/Src/stm32l0xx_hal.o
 .debug_macro   0x00001248      0x330 Drivers/STM32L0xx_HAL_Driver/Src/stm32l0xx_hal.o
 .debug_macro   0x00001578       0x10 Drivers/STM32L0xx_HAL_Driver/Src/stm32l0xx_hal.o
 .debug_macro   0x00001588       0x35 Drivers/STM32L0xx_HAL_Driver/Src/stm32l0xx_hal.o
 .debug_macro   0x000015bd       0x16 Drivers/STM32L0xx_HAL_Driver/Src/stm32l0xx_hal.o
 .debug_macro   0x000015d3       0x16 Drivers/STM32L0xx_HAL_Driver/Src/stm32l0xx_hal.o
 .debug_macro   0x000015e9       0x29 Drivers/STM32L0xx_HAL_Driver/Src/stm32l0xx_hal.o
 .debug_macro   0x00001612       0x4c Drivers/STM32L0xx_HAL_Driver/Src/stm32l0xx_hal.o
 .debug_macro   0x0000165e       0xa3 Drivers/STM32L0xx_HAL_Driver/Src/stm32l0xx_hal.o
 .debug_macro   0x00001701       0x2e Drivers/STM32L0xx_HAL_Driver/Src/stm32l0xx_hal.o
 .debug_macro   0x0000172f       0x28 Drivers/STM32L0xx_HAL_Driver/Src/stm32l0xx_hal.o
 .debug_macro   0x00001757       0xef Drivers/STM32L0xx_HAL_Driver/Src/stm32l0xx_hal.o
 .debug_macro   0x00001846       0x6a Drivers/STM32L0xx_HAL_Driver/Src/stm32l0xx_hal.o
 .debug_macro   0x000018b0      0x1df Drivers/STM32L0xx_HAL_Driver/Src/stm32l0xx_hal.o
 .debug_macro   0x00001a8f       0x34 Drivers/STM32L0xx_HAL_Driver/Src/stm32l0xx_hal.o
 .debug_macro   0x00001ac3       0x26 Drivers/STM32L0xx_HAL_Driver/Src/stm32l0xx_hal.o
 .debug_macro   0x00001ae9      0x44f Drivers/STM32L0xx_HAL_Driver/Src/stm32l0xx_hal.o
 .debug_macro   0x00001f38     0x9cc0 Drivers/STM32L0xx_HAL_Driver/Src/stm32l0xx_hal.o
 .debug_macro   0x0000bbf8       0x3c Drivers/STM32L0xx_HAL_Driver/Src/stm32l0xx_hal.o
 .debug_macro   0x0000bc34     0x34a2 Drivers/STM32L0xx_HAL_Driver/Src/stm32l0xx_hal.o
 .debug_macro   0x0000f0d6       0x1c Drivers/STM32L0xx_HAL_Driver/Src/stm32l0xx_hal.o
 .debug_macro   0x0000f0f2       0x10 Drivers/STM32L0xx_HAL_Driver/Src/stm32l0xx_hal.o
 .debug_macro   0x0000f102       0x10 Drivers/STM32L0xx_HAL_Driver/Src/stm32l0xx_hal.o
 .debug_macro   0x0000f112       0x1c Drivers/STM32L0xx_HAL_Driver/Src/stm32l0xx_hal.o
 .debug_macro   0x0000f12e       0x52 Drivers/STM32L0xx_HAL_Driver/Src/stm32l0xx_hal.o
 .debug_macro   0x0000f180       0x40 Drivers/STM32L0xx_HAL_Driver/Src/stm32l0xx_hal.o
 .debug_macro   0x0000f1c0       0x10 Drivers/STM32L0xx_HAL_Driver/Src/stm32l0xx_hal.o
 .debug_macro   0x0000f1d0       0x40 Drivers/STM32L0xx_HAL_Driver/Src/stm32l0xx_hal.o
 .debug_macro   0x0000f210       0xd7 Drivers/STM32L0xx_HAL_Driver/Src/stm32l0xx_hal.o
 .debug_macro   0x0000f2e7       0x16 Drivers/STM32L0xx_HAL_Driver/Src/stm32l0xx_hal.o
 .debug_macro   0x0000f2fd      0x18b Drivers/STM32L0xx_HAL_Driver/Src/stm32l0xx_hal.o
 .debug_macro   0x0000f488       0x50 Drivers/STM32L0xx_HAL_Driver/Src/stm32l0xx_hal.o
 .debug_macro   0x0000f4d8      0x8e0 Drivers/STM32L0xx_HAL_Driver/Src/stm32l0xx_hal.o
 .debug_macro   0x0000fdb8      0x9d4 Drivers/STM32L0xx_HAL_Driver/Src/stm32l0xx_hal.o
 .debug_macro   0x0001078c      0x14d Drivers/STM32L0xx_HAL_Driver/Src/stm32l0xx_hal.o
 .debug_macro   0x000108d9      0x184 Drivers/STM32L0xx_HAL_Driver/Src/stm32l0xx_hal.o
 .debug_macro   0x00010a5d      0x279 Drivers/STM32L0xx_HAL_Driver/Src/stm32l0xx_hal.o
 .debug_macro   0x00010cd6      0x1ef Drivers/STM32L0xx_HAL_Driver/Src/stm32l0xx_hal.o
 .debug_macro   0x00010ec5      0x12a Drivers/STM32L0xx_HAL_Driver/Src/stm32l0xx_hal.o
 .debug_macro   0x00010fef      0x2b6 Drivers/STM32L0xx_HAL_Driver/Src/stm32l0xx_hal.o
 .debug_macro   0x000112a5      0x202 Drivers/STM32L0xx_HAL_Driver/Src/stm32l0xx_hal.o
 .debug_macro   0x000114a7       0x5b Drivers/STM32L0xx_HAL_Driver/Src/stm32l0xx_hal.o
 .debug_macro   0x00011502       0x90 Drivers/STM32L0xx_HAL_Driver/Src/stm32l0xx_hal.o
 .debug_macro   0x00011592      0x189 Drivers/STM32L0xx_HAL_Driver/Src/stm32l0xx_hal.o
 .debug_macro   0x0001171b       0x16 Drivers/STM32L0xx_HAL_Driver/Src/stm32l0xx_hal.o
 .debug_macro   0x00011731      0x30c Drivers/STM32L0xx_HAL_Driver/Src/stm32l0xx_hal.o
 .debug_macro   0x00011a3d      0x3f1 Drivers/STM32L0xx_HAL_Driver/Src/stm32l0xx_hal.o
 .debug_macro   0x00011e2e       0xdd Drivers/STM32L0xx_HAL_Driver/Src/stm32l0xx_hal.o
 .debug_macro   0x00011f0b      0x54a Drivers/STM32L0xx_HAL_Driver/Src/stm32l0xx_hal.o
 .debug_macro   0x00012455       0x44 Drivers/STM32L0xx_HAL_Driver/Src/stm32l0xx_hal.o
 .debug_macro   0x00012499      0x280 Drivers/STM32L0xx_HAL_Driver/Src/stm32l0xx_hal.o
 .debug_macro   0x00012719       0x10 Drivers/STM32L0xx_HAL_Driver/Src/stm32l0xx_hal.o
 .debug_macro   0x00012729      0x165 Drivers/STM32L0xx_HAL_Driver/Src/stm32l0xx_hal.o
 .debug_macro   0x0001288e      0x37c Drivers/STM32L0xx_HAL_Driver/Src/stm32l0xx_hal_cortex.o
 .debug_macro   0x00012c0a      0x382 Drivers/STM32L0xx_HAL_Driver/Src/stm32l0xx_hal_dma.o
 .debug_macro   0x00012f8c      0x37d Drivers/STM32L0xx_HAL_Driver/Src/stm32l0xx_hal_flash.o
 .debug_macro   0x00013309      0x37c Drivers/STM32L0xx_HAL_Driver/Src/stm32l0xx_hal_flash_ex.o
 .debug_macro   0x00013685      0x3b5 Drivers/STM32L0xx_HAL_Driver/Src/stm32l0xx_hal_gpio.o
 .debug_macro   0x00013a3a      0x448 Drivers/STM32L0xx_HAL_Driver/Src/stm32l0xx_hal_i2c.o
 .debug_macro   0x00013e82      0x37c Drivers/STM32L0xx_HAL_Driver/Src/stm32l0xx_hal_i2c_ex.o
 .debug_macro   0x000141fe      0x38b Drivers/STM32L0xx_HAL_Driver/Src/stm32l0xx_hal_irda.o
 .debug_macro   0x00014589      0x3ca Drivers/STM32L0xx_HAL_Driver/Src/stm32l0xx_hal_rcc.o
 .debug_macro   0x00014953      0x38e Drivers/STM32L0xx_HAL_Driver/Src/stm32l0xx_hal_rcc_ex.o
 .debug_macro   0x00014ce1      0x37c Drivers/STM32L0xx_HAL_Driver/Src/stm32l0xx_hal_rtc.o
 .debug_macro   0x0001505d      0x37c Drivers/STM32L0xx_HAL_Driver/Src/stm32l0xx_hal_rtc_ex.o
 .debug_macro   0x000153d9      0x38e Drivers/STM32L0xx_HAL_Driver/Src/stm32l0xx_hal_uart.o
 .debug_macro   0x00015767      0x37c Drivers/STM32L0xx_HAL_Driver/Src/stm32l0xx_hal_uart_ex.o
 .debug_macro   0x00015ae3      0x448 Middlewares/MemoryManager/NVM_Manager.o
 .debug_macro   0x00015f2b       0xd8 Middlewares/MemoryManager/NVM_Manager.o
 .debug_macro   0x00016003      0x168 Middlewares/MemoryManager/NVM_Manager.o
 .debug_macro   0x0001616b       0xb6 Middlewares/MemoryManager/NVM_Manager.o
 .debug_macro   0x00016221       0x10 Middlewares/MemoryManager/NVM_Manager.o
 .debug_macro   0x00016231       0x1f Middlewares/MemoryManager/NVM_Manager.o
 .debug_macro   0x00016250      0x416 Middlewares/MemoryManager/NVM_Manager.o
 .debug_macro   0x00016666       0xc0 Middlewares/MemoryManager/NVM_Manager.o
 .debug_macro   0x00016726       0x8c Middlewares/MemoryManager/NVM_Manager.o
 .debug_macro   0x000167b2       0x91 Middlewares/MemoryManager/NVM_Manager.o
 .debug_macro   0x00016843       0x94 Middlewares/MemoryManager/NVM_Manager.o
 .debug_macro   0x000168d7       0x63 Middlewares/MemoryManager/NVM_Manager.o
 .debug_macro   0x0001693a       0xcf Middlewares/MemoryManager/NVM_Manager.o
 .debug_macro   0x00016a09       0xa9 Middlewares/MemoryManager/NVM_Manager.o
 .debug_macro   0x00016ab2       0x3a Middlewares/MemoryManager/NVM_Manager.o
 .debug_macro   0x00016aec      0x43a Middlewares/SerialManager/console.o
 .debug_macro   0x00016f26      0x22f Middlewares/Third_Party/FreeRTOS/Source/CMSIS_RTOS/cmsis_os.o
 .debug_macro   0x00017155       0xd2 Middlewares/Third_Party/FreeRTOS/Source/CMSIS_RTOS/cmsis_os.o
 .debug_macro   0x00017227      0x1b2 Middlewares/Third_Party/FreeRTOS/Source/list.o
 .debug_macro   0x000173d9      0x207 Middlewares/Third_Party/FreeRTOS/Source/queue.o
 .debug_macro   0x000175e0       0x52 Middlewares/Third_Party/FreeRTOS/Source/queue.o
 .debug_macro   0x00017632      0x271 Middlewares/Third_Party/FreeRTOS/Source/tasks.o
 .debug_macro   0x000178a3       0x11 Middlewares/Third_Party/FreeRTOS/Source/tasks.o
 .debug_macro   0x000178b4      0x239 Middlewares/Third_Party/FreeRTOS/Source/portable/GCC/ARM_CM0/port.o
 .debug_macro   0x00017aed      0x1d9 Middlewares/Third_Party/FreeRTOS/Source/portable/MemMang/heap_4.o
 .debug_macro   0x00017cc6      0x43c Src/Debug_led.o
 .debug_macro   0x00018102       0xd8 Src/Debug_led.o
 .debug_macro   0x000181da      0x398 Src/HTS221.o
 .debug_macro   0x00018572       0x22 Src/HTS221.o
 .debug_macro   0x00018594      0x15a Src/HTS221.o
 .debug_macro   0x000186ee      0x485 Src/main.o
 .debug_macro   0x00018b73       0x10 Src/main.o
 .debug_macro   0x00018b83      0x37c Src/stm32l0xx_hal_msp.o
 .debug_macro   0x00018eff      0x44a Src/stm32l0xx_it.o